
Discarded input sections

 .text          0x00000000        0x0 build/f7-firmware-C/.extapps/findmy/helpers/base64.o
 .data          0x00000000        0x0 build/f7-firmware-C/.extapps/findmy/helpers/base64.o
 .bss           0x00000000        0x0 build/f7-firmware-C/.extapps/findmy/helpers/base64.o
 .text.base64_encode
                0x00000000       0xf0 build/f7-firmware-C/.extapps/findmy/helpers/base64.o
 .comment       0x00000000       0x1c build/f7-firmware-C/.extapps/findmy/helpers/base64.o
 .debug_line.text.base64_encode
                0x00000000      0x1b4 build/f7-firmware-C/.extapps/findmy/helpers/base64.o
 .text          0x00000000        0x0 build/f7-firmware-C/.extapps/findmy/scenes/findmy_scene.o
 .data          0x00000000        0x0 build/f7-firmware-C/.extapps/findmy/scenes/findmy_scene.o
 .bss           0x00000000        0x0 build/f7-firmware-C/.extapps/findmy/scenes/findmy_scene.o
 .comment       0x00000000       0x1c build/f7-firmware-C/.extapps/findmy/scenes/findmy_scene.o
 .text          0x00000000        0x0 build/f7-firmware-C/.extapps/findmy/scenes/findmy_scene_config.o
 .data          0x00000000        0x0 build/f7-firmware-C/.extapps/findmy/scenes/findmy_scene_config.o
 .bss           0x00000000        0x0 build/f7-firmware-C/.extapps/findmy/scenes/findmy_scene_config.o
 .comment       0x00000000       0x1c build/f7-firmware-C/.extapps/findmy/scenes/findmy_scene_config.o
 .text          0x00000000        0x0 build/f7-firmware-C/.extapps/findmy/scenes/findmy_scene_config_import.o
 .data          0x00000000        0x0 build/f7-firmware-C/.extapps/findmy/scenes/findmy_scene_config_import.o
 .bss           0x00000000        0x0 build/f7-firmware-C/.extapps/findmy/scenes/findmy_scene_config_import.o
 .comment       0x00000000       0x1c build/f7-firmware-C/.extapps/findmy/scenes/findmy_scene_config_import.o
 .text          0x00000000        0x0 build/f7-firmware-C/.extapps/findmy/scenes/findmy_scene_config_import_result.o
 .data          0x00000000        0x0 build/f7-firmware-C/.extapps/findmy/scenes/findmy_scene_config_import_result.o
 .bss           0x00000000        0x0 build/f7-firmware-C/.extapps/findmy/scenes/findmy_scene_config_import_result.o
 .comment       0x00000000       0x1c build/f7-firmware-C/.extapps/findmy/scenes/findmy_scene_config_import_result.o
 .text          0x00000000        0x0 build/f7-firmware-C/.extapps/findmy/scenes/findmy_scene_config_mac.o
 .data          0x00000000        0x0 build/f7-firmware-C/.extapps/findmy/scenes/findmy_scene_config_mac.o
 .bss           0x00000000        0x0 build/f7-firmware-C/.extapps/findmy/scenes/findmy_scene_config_mac.o
 .comment       0x00000000       0x1c build/f7-firmware-C/.extapps/findmy/scenes/findmy_scene_config_mac.o
 .text          0x00000000        0x0 build/f7-firmware-C/.extapps/findmy/scenes/findmy_scene_config_packet.o
 .data          0x00000000        0x0 build/f7-firmware-C/.extapps/findmy/scenes/findmy_scene_config_packet.o
 .bss           0x00000000        0x0 build/f7-firmware-C/.extapps/findmy/scenes/findmy_scene_config_packet.o
 .comment       0x00000000       0x1c build/f7-firmware-C/.extapps/findmy/scenes/findmy_scene_config_packet.o
 .text          0x00000000        0x0 build/f7-firmware-C/.extapps/findmy/scenes/findmy_scene_config_tagtype.o
 .data          0x00000000        0x0 build/f7-firmware-C/.extapps/findmy/scenes/findmy_scene_config_tagtype.o
 .bss           0x00000000        0x0 build/f7-firmware-C/.extapps/findmy/scenes/findmy_scene_config_tagtype.o
 .comment       0x00000000       0x1c build/f7-firmware-C/.extapps/findmy/scenes/findmy_scene_config_tagtype.o
 .text          0x00000000        0x0 build/f7-firmware-C/.extapps/findmy/scenes/findmy_scene_main.o
 .data          0x00000000        0x0 build/f7-firmware-C/.extapps/findmy/scenes/findmy_scene_main.o
 .bss           0x00000000        0x0 build/f7-firmware-C/.extapps/findmy/scenes/findmy_scene_main.o
 .comment       0x00000000       0x1c build/f7-firmware-C/.extapps/findmy/scenes/findmy_scene_main.o
 .text          0x00000000        0x0 build/f7-firmware-C/.extapps/findmy/views/findmy_main.o
 .data          0x00000000        0x0 build/f7-firmware-C/.extapps/findmy/views/findmy_main.o
 .bss           0x00000000        0x0 build/f7-firmware-C/.extapps/findmy/views/findmy_main.o
 .comment       0x00000000       0x1c build/f7-firmware-C/.extapps/findmy/views/findmy_main.o
 .text          0x00000000        0x0 build/f7-firmware-C/.extapps/findmy/findmy.o
 .data          0x00000000        0x0 build/f7-firmware-C/.extapps/findmy/findmy.o
 .bss           0x00000000        0x0 build/f7-firmware-C/.extapps/findmy/findmy.o
 .comment       0x00000000       0x1c build/f7-firmware-C/.extapps/findmy/findmy.o
 .text          0x00000000        0x0 build/f7-firmware-C/.extapps/findmy/findmy_startup.o
 .data          0x00000000        0x0 build/f7-firmware-C/.extapps/findmy/findmy_startup.o
 .bss           0x00000000        0x0 build/f7-firmware-C/.extapps/findmy/findmy_startup.o
 .text.findmy_startup_mount_callback
                0x00000000       0x18 build/f7-firmware-C/.extapps/findmy/findmy_startup.o
 .rodata.findmy_startup_apply.str1.1
                0x00000000       0x4c build/f7-firmware-C/.extapps/findmy/findmy_startup.o
 .text.findmy_startup_apply
                0x00000000       0x74 build/f7-firmware-C/.extapps/findmy/findmy_startup.o
 .rodata.findmy_startup.str1.1
                0x00000000       0x31 build/f7-firmware-C/.extapps/findmy/findmy_startup.o
 .text.findmy_startup
                0x00000000       0x70 build/f7-firmware-C/.extapps/findmy/findmy_startup.o
 .debug_info    0x00000000      0x89c build/f7-firmware-C/.extapps/findmy/findmy_startup.o
 .debug_abbrev  0x00000000      0x292 build/f7-firmware-C/.extapps/findmy/findmy_startup.o
 .debug_loclists
                0x00000000       0xd0 build/f7-firmware-C/.extapps/findmy/findmy_startup.o
 .debug_aranges
                0x00000000       0x30 build/f7-firmware-C/.extapps/findmy/findmy_startup.o
 .debug_rnglists
                0x00000000       0x2b build/f7-firmware-C/.extapps/findmy/findmy_startup.o
 .debug_line    0x00000000      0x267 build/f7-firmware-C/.extapps/findmy/findmy_startup.o
 .debug_str     0x00000000      0x699 build/f7-firmware-C/.extapps/findmy/findmy_startup.o
 .comment       0x00000000       0x1c build/f7-firmware-C/.extapps/findmy/findmy_startup.o
 .debug_line.text.findmy_startup_mount_callback
                0x00000000       0x28 build/f7-firmware-C/.extapps/findmy/findmy_startup.o
 .debug_line.text.findmy_startup_apply
                0x00000000       0x4d build/f7-firmware-C/.extapps/findmy/findmy_startup.o
 .debug_line.text.findmy_startup
                0x00000000       0x51 build/f7-firmware-C/.extapps/findmy/findmy_startup.o
 .debug_line_end
                0x00000000        0x0 build/f7-firmware-C/.extapps/findmy/findmy_startup.o
 .debug_frame   0x00000000       0x60 build/f7-firmware-C/.extapps/findmy/findmy_startup.o
 .text          0x00000000        0x0 build/f7-firmware-C/.extapps/findmy/findmy_state.o
 .data          0x00000000        0x0 build/f7-firmware-C/.extapps/findmy/findmy_state.o
 .bss           0x00000000        0x0 build/f7-firmware-C/.extapps/findmy/findmy_state.o
 .comment       0x00000000       0x1c build/f7-firmware-C/.extapps/findmy/findmy_state.o
 .text          0x00000000        0x0 build/f7-firmware-C/.extapps/findmy/findmy_icons.o
 .data          0x00000000        0x0 build/f7-firmware-C/.extapps/findmy/findmy_icons.o
 .bss           0x00000000        0x0 build/f7-firmware-C/.extapps/findmy/findmy_icons.o
 .comment       0x00000000       0x1c build/f7-firmware-C/.extapps/findmy/findmy_icons.o

Memory Configuration

Name             Origin             Length             Attributes
*default*        0x00000000         0xffffffff

Linker script and memory map

LOAD build/f7-firmware-C/.extapps/findmy/helpers/base64.o
LOAD build/f7-firmware-C/.extapps/findmy/scenes/findmy_scene.o
LOAD build/f7-firmware-C/.extapps/findmy/scenes/findmy_scene_config.o
LOAD build/f7-firmware-C/.extapps/findmy/scenes/findmy_scene_config_import.o
LOAD build/f7-firmware-C/.extapps/findmy/scenes/findmy_scene_config_import_result.o
LOAD build/f7-firmware-C/.extapps/findmy/scenes/findmy_scene_config_mac.o
LOAD build/f7-firmware-C/.extapps/findmy/scenes/findmy_scene_config_packet.o
LOAD build/f7-firmware-C/.extapps/findmy/scenes/findmy_scene_config_tagtype.o
LOAD build/f7-firmware-C/.extapps/findmy/scenes/findmy_scene_main.o
LOAD build/f7-firmware-C/.extapps/findmy/views/findmy_main.o
LOAD build/f7-firmware-C/.extapps/findmy/findmy.o
LOAD build/f7-firmware-C/.extapps/findmy/findmy_startup.o
LOAD build/f7-firmware-C/.extapps/findmy/findmy_state.o
LOAD build/f7-firmware-C/.extapps/findmy/findmy_icons.o
LOAD /home/edgar/dev/f0/momentum-firmware/Momentum-Firmware/toolchain/x86_64-linux/bin/../lib/gcc/arm-none-eabi/12.3.1/../../../../arm-none-eabi/lib/thumb/v7e-m+fp/hard/libm.a
LOAD /home/edgar/dev/f0/momentum-firmware/Momentum-Firmware/toolchain/x86_64-linux/bin/../lib/gcc/arm-none-eabi/12.3.1/thumb/v7e-m+fp/hard/libgcc.a
LOAD /home/edgar/dev/f0/momentum-firmware/Momentum-Firmware/toolchain/x86_64-linux/bin/../lib/gcc/arm-none-eabi/12.3.1/../../../../arm-none-eabi/lib/thumb/v7e-m+fp/hard/libstdc++_nano.a
LOAD /home/edgar/dev/f0/momentum-firmware/Momentum-Firmware/toolchain/x86_64-linux/bin/../lib/gcc/arm-none-eabi/12.3.1/../../../../arm-none-eabi/lib/thumb/v7e-m+fp/hard/libsupc++_nano.a

.text           0x00000000     0x176c
 *(.text)
 *(.stub)
 *(.text*)
 .text.base64_decode
                0x00000000       0xf0 build/f7-firmware-C/.extapps/findmy/helpers/base64.o
                0x00000000                base64_decode
 .text.findmy_scene_config_broadcast_interval_changed
                0x000000f0       0x60 build/f7-firmware-C/.extapps/findmy/scenes/findmy_scene_config.o
                0x000000f0                findmy_scene_config_broadcast_interval_changed
 .text.findmy_scene_config_transmit_power_changed
                0x00000150       0x58 build/f7-firmware-C/.extapps/findmy/scenes/findmy_scene_config.o
                0x00000150                findmy_scene_config_transmit_power_changed
 .text.findmy_scene_config_show_mac
                0x000001a8       0x5c build/f7-firmware-C/.extapps/findmy/scenes/findmy_scene_config.o
                0x000001a8                findmy_scene_config_show_mac
 .text.findmy_scene_config_callback
                0x00000204        0xc build/f7-firmware-C/.extapps/findmy/scenes/findmy_scene_config.o
                0x00000204                findmy_scene_config_callback
 .text.findmy_scene_config_on_enter
                0x00000210      0x130 build/f7-firmware-C/.extapps/findmy/scenes/findmy_scene_config.o
                0x00000210                findmy_scene_config_on_enter
 .text.findmy_scene_config_on_event
                0x00000340       0x3c build/f7-firmware-C/.extapps/findmy/scenes/findmy_scene_config.o
                0x00000340                findmy_scene_config_on_event
 .text.findmy_scene_config_on_exit
                0x0000037c        0xc build/f7-firmware-C/.extapps/findmy/scenes/findmy_scene_config.o
                0x0000037c                findmy_scene_config_on_exit
 .text.findmy_scene_config_import_callback
                0x00000388        0xc build/f7-firmware-C/.extapps/findmy/scenes/findmy_scene_config_import.o
                0x00000388                findmy_scene_config_import_callback
 .text.findmy_scene_config_import_on_enter
                0x00000394       0x8c build/f7-firmware-C/.extapps/findmy/scenes/findmy_scene_config_import.o
                0x00000394                findmy_scene_config_import_on_enter
 .text.findmy_scene_config_import_on_event
                0x00000420      0x43c build/f7-firmware-C/.extapps/findmy/scenes/findmy_scene_config_import.o
                0x00000420                findmy_scene_config_import_on_event
 .text.findmy_scene_config_import_on_exit
                0x0000085c        0xc build/f7-firmware-C/.extapps/findmy/scenes/findmy_scene_config_import.o
                0x0000085c                findmy_scene_config_import_on_exit
 .text.findmy_scene_config_import_result_callback
                0x00000868        0xc build/f7-firmware-C/.extapps/findmy/scenes/findmy_scene_config_import_result.o
 .text.findmy_scene_config_import_result_on_enter
                0x00000874      0x100 build/f7-firmware-C/.extapps/findmy/scenes/findmy_scene_config_import_result.o
                0x00000874                findmy_scene_config_import_result_on_enter
 .text.findmy_scene_config_import_result_on_event
                0x00000974       0x2c build/f7-firmware-C/.extapps/findmy/scenes/findmy_scene_config_import_result.o
                0x00000974                findmy_scene_config_import_result_on_event
 .text.findmy_scene_config_import_result_on_exit
                0x000009a0        0xc build/f7-firmware-C/.extapps/findmy/scenes/findmy_scene_config_import_result.o
                0x000009a0                findmy_scene_config_import_result_on_exit
 .text.findmy_scene_config_mac_callback
                0x000009ac        0xc build/f7-firmware-C/.extapps/findmy/scenes/findmy_scene_config_mac.o
 .text.findmy_scene_config_mac_on_enter
                0x000009b8       0x5c build/f7-firmware-C/.extapps/findmy/scenes/findmy_scene_config_mac.o
                0x000009b8                findmy_scene_config_mac_on_enter
 .text.findmy_scene_config_mac_on_event
                0x00000a14       0x60 build/f7-firmware-C/.extapps/findmy/scenes/findmy_scene_config_mac.o
                0x00000a14                findmy_scene_config_mac_on_event
 .text.findmy_scene_config_mac_on_exit
                0x00000a74       0x30 build/f7-firmware-C/.extapps/findmy/scenes/findmy_scene_config_mac.o
                0x00000a74                findmy_scene_config_mac_on_exit
 .text.findmy_scene_config_packet_callback
                0x00000aa4        0xc build/f7-firmware-C/.extapps/findmy/scenes/findmy_scene_config_packet.o
 .text.findmy_scene_config_packet_on_enter
                0x00000ab0       0x68 build/f7-firmware-C/.extapps/findmy/scenes/findmy_scene_config_packet.o
                0x00000ab0                findmy_scene_config_packet_on_enter
 .text.findmy_scene_config_packet_on_event
                0x00000b18       0x54 build/f7-firmware-C/.extapps/findmy/scenes/findmy_scene_config_packet.o
                0x00000b18                findmy_scene_config_packet_on_event
 .text.findmy_scene_config_packet_on_exit
                0x00000b6c       0x30 build/f7-firmware-C/.extapps/findmy/scenes/findmy_scene_config_packet.o
                0x00000b6c                findmy_scene_config_packet_on_exit
 .text.findmy_scene_config_tagtype_callback
                0x00000b9c        0xc build/f7-firmware-C/.extapps/findmy/scenes/findmy_scene_config_tagtype.o
                0x00000b9c                findmy_scene_config_tagtype_callback
 .text.findmy_scene_config_tagtype_on_enter
                0x00000ba8       0x8c build/f7-firmware-C/.extapps/findmy/scenes/findmy_scene_config_tagtype.o
                0x00000ba8                findmy_scene_config_tagtype_on_enter
 .text.findmy_scene_config_tagtype_on_event
                0x00000c34       0x4c build/f7-firmware-C/.extapps/findmy/scenes/findmy_scene_config_tagtype.o
                0x00000c34                findmy_scene_config_tagtype_on_event
 .text.findmy_scene_config_tagtype_on_exit
                0x00000c80        0xc build/f7-firmware-C/.extapps/findmy/scenes/findmy_scene_config_tagtype.o
                0x00000c80                findmy_scene_config_tagtype_on_exit
 .text.findmy_scene_main_callback
                0x00000c8c       0x10 build/f7-firmware-C/.extapps/findmy/scenes/findmy_scene_main.o
                0x00000c8c                findmy_scene_main_callback
 .text.findmy_scene_main_on_enter
                0x00000c9c       0x28 build/f7-firmware-C/.extapps/findmy/scenes/findmy_scene_main.o
                0x00000c9c                findmy_scene_main_on_enter
 .text.findmy_scene_main_on_event
                0x00000cc4       0x80 build/f7-firmware-C/.extapps/findmy/scenes/findmy_scene_main.o
                0x00000cc4                findmy_scene_main_on_event
 .text.findmy_scene_main_on_exit
                0x00000d44        0x2 build/f7-firmware-C/.extapps/findmy/scenes/findmy_scene_main.o
                0x00000d44                findmy_scene_main_on_exit
 *fill*         0x00000d46        0x2 
 .text.findmy_main_draw_callback
                0x00000d48      0x1a0 build/f7-firmware-C/.extapps/findmy/views/findmy_main.o
 .text.findmy_main_input_callback
                0x00000ee8       0x24 build/f7-firmware-C/.extapps/findmy/views/findmy_main.o
 .text.findmy_main_alloc
                0x00000f0c       0x94 build/f7-firmware-C/.extapps/findmy/views/findmy_main.o
                0x00000f0c                findmy_main_alloc
 .text.findmy_main_free
                0x00000fa0       0x1c build/f7-firmware-C/.extapps/findmy/views/findmy_main.o
                0x00000fa0                findmy_main_free
 .text.findmy_main_get_view
                0x00000fbc        0x4 build/f7-firmware-C/.extapps/findmy/views/findmy_main.o
                0x00000fbc                findmy_main_get_view
 .text.findmy_main_set_callback
                0x00000fc0        0x6 build/f7-firmware-C/.extapps/findmy/views/findmy_main.o
                0x00000fc0                findmy_main_set_callback
 *fill*         0x00000fc6        0x2 
 .text.findmy_main_update_active
                0x00000fc8       0x24 build/f7-firmware-C/.extapps/findmy/views/findmy_main.o
                0x00000fc8                findmy_main_update_active
 .text.findmy_main_toggle_mac
                0x00000fec       0x24 build/f7-firmware-C/.extapps/findmy/views/findmy_main.o
                0x00000fec                findmy_main_toggle_mac
 .text.findmy_main_update_mac
                0x00001010       0x38 build/f7-firmware-C/.extapps/findmy/views/findmy_main.o
                0x00001010                findmy_main_update_mac
 .text.findmy_main_update_interval
                0x00001048       0x24 build/f7-firmware-C/.extapps/findmy/views/findmy_main.o
                0x00001048                findmy_main_update_interval
 .text.findmy_main_update_type
                0x0000106c       0x24 build/f7-firmware-C/.extapps/findmy/views/findmy_main.o
                0x0000106c                findmy_main_update_type
 .text.findmy_back_event_callback
                0x00001090        0xc build/f7-firmware-C/.extapps/findmy/findmy.o
 .text.findmy_custom_event_callback
                0x0000109c        0xc build/f7-firmware-C/.extapps/findmy/findmy.o
 .text.findmy_main
                0x000010a8      0x200 build/f7-firmware-C/.extapps/findmy/findmy.o
                0x000010a8                findmy_main
 .text.findmy_change_broadcast_interval
                0x000012a8       0x2c build/f7-firmware-C/.extapps/findmy/findmy.o
                0x000012a8                findmy_change_broadcast_interval
 .text.findmy_change_transmit_power
                0x000012d4       0x14 build/f7-firmware-C/.extapps/findmy/findmy.o
                0x000012d4                findmy_change_transmit_power
 .text.findmy_toggle_show_mac
                0x000012e8       0x24 build/f7-firmware-C/.extapps/findmy/findmy.o
                0x000012e8                findmy_toggle_show_mac
 .text.findmy_toggle_beacon
                0x0000130c       0x2c build/f7-firmware-C/.extapps/findmy/findmy.o
                0x0000130c                findmy_toggle_beacon
 .text.findmy_set_tag_type
                0x00001338       0x24 build/f7-firmware-C/.extapps/findmy/findmy.o
                0x00001338                findmy_set_tag_type
 .text.reverse_mac_addr
                0x0000135c       0x1a build/f7-firmware-C/.extapps/findmy/findmy.o
                0x0000135c                reverse_mac_addr
 .text.findmy_state_data_size
                0x00001376       0x12 build/f7-firmware-C/.extapps/findmy/findmy_state.o
                0x00001376                findmy_state_data_size
 .text.findmy_state_load
                0x00001388      0x1f4 build/f7-firmware-C/.extapps/findmy/findmy_state.o
                0x00001388                findmy_state_load
 .text.findmy_state_apply
                0x0000157c       0xd8 build/f7-firmware-C/.extapps/findmy/findmy_state.o
                0x0000157c                findmy_state_apply
 .text.findmy_state_save_and_apply
                0x00001654      0x118 build/f7-firmware-C/.extapps/findmy/findmy_state.o
                0x00001654                findmy_state_save_and_apply
 *(.text.*)
 *(.text._*)
 *(.init)
 *(.fini)

.rodata         0x0000176c      0x4c9
 *(.rodata)
 .rodata        0x0000176c       0x1f build/f7-firmware-C/.extapps/findmy/scenes/findmy_scene_config_import.o
 *(.rodata1)
 *(.rodata.*)
 .rodata.base64_table
                0x0000178b       0x41 build/f7-firmware-C/.extapps/findmy/helpers/base64.o
 .rodata.findmy_scene_handlers
                0x000017cc       0x10 build/f7-firmware-C/.extapps/findmy/scenes/findmy_scene.o
                0x000017cc                findmy_scene_handlers
 .rodata.findmy_on_exit_handlers
                0x000017dc       0x1c build/f7-firmware-C/.extapps/findmy/scenes/findmy_scene.o
                0x000017dc                findmy_on_exit_handlers
 .rodata.findmy_on_event_handlers
                0x000017f8       0x1c build/f7-firmware-C/.extapps/findmy/scenes/findmy_scene.o
                0x000017f8                findmy_on_event_handlers
 .rodata.findmy_on_enter_handlers
                0x00001814       0x1c build/f7-firmware-C/.extapps/findmy/scenes/findmy_scene.o
                0x00001814                findmy_on_enter_handlers
 .rodata.findmy_scene_config_broadcast_interval_changed.str1.1
                0x00001830        0x4 build/f7-firmware-C/.extapps/findmy/scenes/findmy_scene_config.o
 .rodata.findmy_scene_config_transmit_power_changed.str1.1
                0x00001834        0x6 build/f7-firmware-C/.extapps/findmy/scenes/findmy_scene_config.o
 .rodata.findmy_scene_config_show_mac.str1.1
                0x0000183a        0x7 build/f7-firmware-C/.extapps/findmy/scenes/findmy_scene_config.o
 .rodata.findmy_scene_config_on_enter.str1.1
                0x00001841       0x88 build/f7-firmware-C/.extapps/findmy/scenes/findmy_scene_config.o
 .rodata.findmy_scene_config_import_on_enter.str1.1
                0x000018c9       0x4f build/f7-firmware-C/.extapps/findmy/scenes/findmy_scene_config_import.o
 .rodata.findmy_scene_config_import_on_event.str1.1
                0x00001918       0xed build/f7-firmware-C/.extapps/findmy/scenes/findmy_scene_config_import.o
 .rodata.findmy_scene_config_import_result_on_enter.str1.1
                0x00001a05       0x11 build/f7-firmware-C/.extapps/findmy/scenes/findmy_scene_config_import_result.o
 .rodata.findmy_scene_config_mac_on_enter.str1.1
                0x00001a16       0x15 build/f7-firmware-C/.extapps/findmy/scenes/findmy_scene_config_mac.o
 .rodata.findmy_scene_config_mac_on_exit.str1.1
                0x00001a2b        0x1 build/f7-firmware-C/.extapps/findmy/scenes/findmy_scene_config_mac.o
 .rodata.findmy_scene_config_packet_on_enter.str1.1
                0x00001a2c       0x19 build/f7-firmware-C/.extapps/findmy/scenes/findmy_scene_config_packet.o
 .rodata.findmy_scene_config_packet_on_exit.str1.1
                0x00001a45        0x1 build/f7-firmware-C/.extapps/findmy/scenes/findmy_scene_config_packet.o
 .rodata.findmy_scene_config_tagtype_on_enter.str1.1
                0x00001a46       0x3c build/f7-firmware-C/.extapps/findmy/scenes/findmy_scene_config_tagtype.o
 .rodata.findmy_main_draw_callback.str1.1
                0x00001a82       0x8f build/f7-firmware-C/.extapps/findmy/views/findmy_main.o
 .rodata.str1.1
                0x00001b11       0x2b build/f7-firmware-C/.extapps/findmy/views/findmy_main.o
 .rodata.CSWTCH.3
                0x00001b3c        0xc build/f7-firmware-C/.extapps/findmy/views/findmy_main.o
 .rodata.CSWTCH.1
                0x00001b48        0x6 build/f7-firmware-C/.extapps/findmy/views/findmy_main.o
 .rodata.findmy_main.str1.1
                0x00001b4e       0x14 build/f7-firmware-C/.extapps/findmy/findmy.o
 .rodata.findmy_state_load.str1.1
                0x00001b62       0x96 build/f7-firmware-C/.extapps/findmy/findmy_state.o
 .rodata.findmy_state_save_and_apply.str1.1
                0x00001bf8       0x16 build/f7-firmware-C/.extapps/findmy/findmy_state.o
 *fill*         0x00001c0e        0x2 
 .rodata.I_text_10px
                0x00001c10        0xc build/f7-firmware-C/.extapps/findmy/findmy_icons.o
                0x00001c10                I_text_10px
 .rodata._I_text_10px
                0x00001c1c        0x4 build/f7-firmware-C/.extapps/findmy/findmy_icons.o
                0x00001c1c                _I_text_10px
 .rodata._I_text_10px_0
                0x00001c20       0x15 build/f7-firmware-C/.extapps/findmy/findmy_icons.o
                0x00001c20                _I_text_10px_0

.data
 *(.data)
 *(.data1)
 *(.data.*)

.bss
 *(.bss)
 *(.bss*)
 *(.sbss)
 *(.sbss*)
 *(COMMON)

.stab
 *(.stab)

.stabstr
 *(.stabstr)

.stab.excl
 *(.stab.excl)

.stab.exclstr
 *(.stab.exclstr)

.stab.index
 *(.stab.index)

.stab.indexstr
 *(.stab.indexstr)

.gnu.build.attributes
 *(.gnu.build.attributes .gnu.build.attributes.*)

.debug
 *(.debug)

.line
 *(.line)

.debug_srcinfo
 *(.debug_srcinfo)

.debug_sfnames
 *(.debug_sfnames)

.debug_aranges  0x00000000      0x300
 *(.debug_aranges)
 .debug_aranges
                0x00000000       0x28 build/f7-firmware-C/.extapps/findmy/helpers/base64.o
 .debug_aranges
                0x00000028       0x18 build/f7-firmware-C/.extapps/findmy/scenes/findmy_scene.o
 .debug_aranges
                0x00000040       0x50 build/f7-firmware-C/.extapps/findmy/scenes/findmy_scene_config.o
 .debug_aranges
                0x00000090       0x38 build/f7-firmware-C/.extapps/findmy/scenes/findmy_scene_config_import.o
 .debug_aranges
                0x000000c8       0x38 build/f7-firmware-C/.extapps/findmy/scenes/findmy_scene_config_import_result.o
 .debug_aranges
                0x00000100       0x38 build/f7-firmware-C/.extapps/findmy/scenes/findmy_scene_config_mac.o
 .debug_aranges
                0x00000138       0x38 build/f7-firmware-C/.extapps/findmy/scenes/findmy_scene_config_packet.o
 .debug_aranges
                0x00000170       0x38 build/f7-firmware-C/.extapps/findmy/scenes/findmy_scene_config_tagtype.o
 .debug_aranges
                0x000001a8       0x38 build/f7-firmware-C/.extapps/findmy/scenes/findmy_scene_main.o
 .debug_aranges
                0x000001e0       0x70 build/f7-firmware-C/.extapps/findmy/views/findmy_main.o
 .debug_aranges
                0x00000250       0x60 build/f7-firmware-C/.extapps/findmy/findmy.o
 .debug_aranges
                0x000002b0       0x38 build/f7-firmware-C/.extapps/findmy/findmy_state.o
 .debug_aranges
                0x000002e8       0x18 build/f7-firmware-C/.extapps/findmy/findmy_icons.o

.debug_pubnames
 *(.debug_pubnames)

.debug_info     0x00000000     0x7cba
 *(.debug_info .gnu.linkonce.wi.*)
 .debug_info    0x00000000      0x338 build/f7-firmware-C/.extapps/findmy/helpers/base64.o
 .debug_info    0x00000338      0x3e1 build/f7-firmware-C/.extapps/findmy/scenes/findmy_scene.o
 .debug_info    0x00000719      0xc7f build/f7-firmware-C/.extapps/findmy/scenes/findmy_scene_config.o
 .debug_info    0x00001398     0x14a2 build/f7-firmware-C/.extapps/findmy/scenes/findmy_scene_config_import.o
 .debug_info    0x0000283a      0x8bf build/f7-firmware-C/.extapps/findmy/scenes/findmy_scene_config_import_result.o
 .debug_info    0x000030f9      0x71e build/f7-firmware-C/.extapps/findmy/scenes/findmy_scene_config_mac.o
 .debug_info    0x00003817      0x730 build/f7-firmware-C/.extapps/findmy/scenes/findmy_scene_config_packet.o
 .debug_info    0x00003f47      0x80b build/f7-firmware-C/.extapps/findmy/scenes/findmy_scene_config_tagtype.o
 .debug_info    0x00004752      0x646 build/f7-firmware-C/.extapps/findmy/scenes/findmy_scene_main.o
 .debug_info    0x00004d98     0x1101 build/f7-firmware-C/.extapps/findmy/views/findmy_main.o
 .debug_info    0x00005e99      0xe65 build/f7-firmware-C/.extapps/findmy/findmy.o
 .debug_info    0x00006cfe      0xe38 build/f7-firmware-C/.extapps/findmy/findmy_state.o
 .debug_info    0x00007b36      0x184 build/f7-firmware-C/.extapps/findmy/findmy_icons.o

.debug_abbrev   0x00000000     0x1c40
 *(.debug_abbrev)
 .debug_abbrev  0x00000000      0x14b build/f7-firmware-C/.extapps/findmy/helpers/base64.o
 .debug_abbrev  0x0000014b      0x137 build/f7-firmware-C/.extapps/findmy/scenes/findmy_scene.o
 .debug_abbrev  0x00000282      0x23a build/f7-firmware-C/.extapps/findmy/scenes/findmy_scene_config.o
 .debug_abbrev  0x000004bc      0x340 build/f7-firmware-C/.extapps/findmy/scenes/findmy_scene_config_import.o
 .debug_abbrev  0x000007fc      0x255 build/f7-firmware-C/.extapps/findmy/scenes/findmy_scene_config_import_result.o
 .debug_abbrev  0x00000a51      0x208 build/f7-firmware-C/.extapps/findmy/scenes/findmy_scene_config_mac.o
 .debug_abbrev  0x00000c59      0x224 build/f7-firmware-C/.extapps/findmy/scenes/findmy_scene_config_packet.o
 .debug_abbrev  0x00000e7d      0x20f build/f7-firmware-C/.extapps/findmy/scenes/findmy_scene_config_tagtype.o
 .debug_abbrev  0x0000108c      0x1de build/f7-firmware-C/.extapps/findmy/scenes/findmy_scene_main.o
 .debug_abbrev  0x0000126a      0x38b build/f7-firmware-C/.extapps/findmy/views/findmy_main.o
 .debug_abbrev  0x000015f5      0x2b9 build/f7-firmware-C/.extapps/findmy/findmy.o
 .debug_abbrev  0x000018ae      0x2e1 build/f7-firmware-C/.extapps/findmy/findmy_state.o
 .debug_abbrev  0x00001b8f       0xb1 build/f7-firmware-C/.extapps/findmy/findmy_icons.o

.debug_line     0x00000000     0x3e02
 *(.debug_line .debug_line.* .debug_line_end)
 .debug_line    0x00000000      0x155 build/f7-firmware-C/.extapps/findmy/helpers/base64.o
 .debug_line.text.base64_decode
                0x00000155      0x185 build/f7-firmware-C/.extapps/findmy/helpers/base64.o
 .debug_line_end
                0x000002da        0x0 build/f7-firmware-C/.extapps/findmy/helpers/base64.o
 .debug_line    0x000002da      0x198 build/f7-firmware-C/.extapps/findmy/scenes/findmy_scene.o
 .debug_line_end
                0x00000472        0x0 build/f7-firmware-C/.extapps/findmy/scenes/findmy_scene.o
 .debug_line    0x00000472      0x40a build/f7-firmware-C/.extapps/findmy/scenes/findmy_scene_config.o
 .debug_line.text.findmy_scene_config_broadcast_interval_changed
                0x0000087c       0x43 build/f7-firmware-C/.extapps/findmy/scenes/findmy_scene_config.o
 .debug_line.text.findmy_scene_config_transmit_power_changed
                0x000008bf       0x46 build/f7-firmware-C/.extapps/findmy/scenes/findmy_scene_config.o
 .debug_line.text.findmy_scene_config_show_mac
                0x00000905       0x41 build/f7-firmware-C/.extapps/findmy/scenes/findmy_scene_config.o
 .debug_line.text.findmy_scene_config_callback
                0x00000946       0x1c build/f7-firmware-C/.extapps/findmy/scenes/findmy_scene_config.o
 .debug_line.text.findmy_scene_config_on_enter
                0x00000962       0x8e build/f7-firmware-C/.extapps/findmy/scenes/findmy_scene_config.o
 .debug_line.text.findmy_scene_config_on_event
                0x000009f0       0x4c build/f7-firmware-C/.extapps/findmy/scenes/findmy_scene_config.o
 .debug_line.text.findmy_scene_config_on_exit
                0x00000a3c       0x1a build/f7-firmware-C/.extapps/findmy/scenes/findmy_scene_config.o
 .debug_line_end
                0x00000a56        0x0 build/f7-firmware-C/.extapps/findmy/scenes/findmy_scene_config.o
 .debug_line    0x00000a56      0x533 build/f7-firmware-C/.extapps/findmy/scenes/findmy_scene_config_import.o
 .debug_line.text.findmy_scene_config_import_callback
                0x00000f89       0x1d build/f7-firmware-C/.extapps/findmy/scenes/findmy_scene_config_import.o
 .debug_line.text.findmy_scene_config_import_on_enter
                0x00000fa6       0x5b build/f7-firmware-C/.extapps/findmy/scenes/findmy_scene_config_import.o
 .debug_line.text.findmy_scene_config_import_on_event
                0x00001001      0x2f8 build/f7-firmware-C/.extapps/findmy/scenes/findmy_scene_config_import.o
 .debug_line.text.findmy_scene_config_import_on_exit
                0x000012f9       0x1a build/f7-firmware-C/.extapps/findmy/scenes/findmy_scene_config_import.o
 .debug_line_end
                0x00001313        0x0 build/f7-firmware-C/.extapps/findmy/scenes/findmy_scene_config_import.o
 .debug_line    0x00001313      0x350 build/f7-firmware-C/.extapps/findmy/scenes/findmy_scene_config_import_result.o
 .debug_line.text.findmy_scene_config_import_result_callback
                0x00001663       0x15 build/f7-firmware-C/.extapps/findmy/scenes/findmy_scene_config_import_result.o
 .debug_line.text.findmy_scene_config_import_result_on_enter
                0x00001678       0x5e build/f7-firmware-C/.extapps/findmy/scenes/findmy_scene_config_import_result.o
 .debug_line.text.findmy_scene_config_import_result_on_event
                0x000016d6       0x42 build/f7-firmware-C/.extapps/findmy/scenes/findmy_scene_config_import_result.o
 .debug_line.text.findmy_scene_config_import_result_on_exit
                0x00001718       0x17 build/f7-firmware-C/.extapps/findmy/scenes/findmy_scene_config_import_result.o
 .debug_line_end
                0x0000172f        0x0 build/f7-firmware-C/.extapps/findmy/scenes/findmy_scene_config_import_result.o
 .debug_line    0x0000172f      0x401 build/f7-firmware-C/.extapps/findmy/scenes/findmy_scene_config_mac.o
 .debug_line.text.findmy_scene_config_mac_callback
                0x00001b30       0x15 build/f7-firmware-C/.extapps/findmy/scenes/findmy_scene_config_mac.o
 .debug_line.text.findmy_scene_config_mac_on_enter
                0x00001b45       0x3f build/f7-firmware-C/.extapps/findmy/scenes/findmy_scene_config_mac.o
 .debug_line.text.findmy_scene_config_mac_on_event
                0x00001b84       0x5a build/f7-firmware-C/.extapps/findmy/scenes/findmy_scene_config_mac.o
 .debug_line.text.findmy_scene_config_mac_on_exit
                0x00001bde       0x2c build/f7-firmware-C/.extapps/findmy/scenes/findmy_scene_config_mac.o
 .debug_line_end
                0x00001c0a        0x0 build/f7-firmware-C/.extapps/findmy/scenes/findmy_scene_config_mac.o
 .debug_line    0x00001c0a      0x412 build/f7-firmware-C/.extapps/findmy/scenes/findmy_scene_config_packet.o
 .debug_line.text.findmy_scene_config_packet_callback
                0x0000201c       0x15 build/f7-firmware-C/.extapps/findmy/scenes/findmy_scene_config_packet.o
 .debug_line.text.findmy_scene_config_packet_on_enter
                0x00002031       0x49 build/f7-firmware-C/.extapps/findmy/scenes/findmy_scene_config_packet.o
 .debug_line.text.findmy_scene_config_packet_on_event
                0x0000207a       0x58 build/f7-firmware-C/.extapps/findmy/scenes/findmy_scene_config_packet.o
 .debug_line.text.findmy_scene_config_packet_on_exit
                0x000020d2       0x2c build/f7-firmware-C/.extapps/findmy/scenes/findmy_scene_config_packet.o
 .debug_line_end
                0x000020fe        0x0 build/f7-firmware-C/.extapps/findmy/scenes/findmy_scene_config_packet.o
 .debug_line    0x000020fe      0x316 build/f7-firmware-C/.extapps/findmy/scenes/findmy_scene_config_tagtype.o
 .debug_line.text.findmy_scene_config_tagtype_callback
                0x00002414       0x1a build/f7-firmware-C/.extapps/findmy/scenes/findmy_scene_config_tagtype.o
 .debug_line.text.findmy_scene_config_tagtype_on_enter
                0x0000242e       0x5a build/f7-firmware-C/.extapps/findmy/scenes/findmy_scene_config_tagtype.o
 .debug_line.text.findmy_scene_config_tagtype_on_event
                0x00002488       0x4c build/f7-firmware-C/.extapps/findmy/scenes/findmy_scene_config_tagtype.o
 .debug_line.text.findmy_scene_config_tagtype_on_exit
                0x000024d4       0x1a build/f7-firmware-C/.extapps/findmy/scenes/findmy_scene_config_tagtype.o
 .debug_line_end
                0x000024ee        0x0 build/f7-firmware-C/.extapps/findmy/scenes/findmy_scene_config_tagtype.o
 .debug_line    0x000024ee      0x30c build/f7-firmware-C/.extapps/findmy/scenes/findmy_scene_main.o
 .debug_line.text.findmy_scene_main_callback
                0x000027fa       0x22 build/f7-firmware-C/.extapps/findmy/scenes/findmy_scene_main.o
 .debug_line.text.findmy_scene_main_on_enter
                0x0000281c       0x25 build/f7-firmware-C/.extapps/findmy/scenes/findmy_scene_main.o
 .debug_line.text.findmy_scene_main_on_event
                0x00002841       0x6b build/f7-firmware-C/.extapps/findmy/scenes/findmy_scene_main.o
 .debug_line.text.findmy_scene_main_on_exit
                0x000028ac       0x19 build/f7-firmware-C/.extapps/findmy/scenes/findmy_scene_main.o
 .debug_line_end
                0x000028c5        0x0 build/f7-firmware-C/.extapps/findmy/scenes/findmy_scene_main.o
 .debug_line    0x000028c5      0x440 build/f7-firmware-C/.extapps/findmy/views/findmy_main.o
 .debug_line.text.findmy_main_draw_callback
                0x00002d05       0x96 build/f7-firmware-C/.extapps/findmy/views/findmy_main.o
 .debug_line.text.findmy_main_input_callback
                0x00002d9b       0x46 build/f7-firmware-C/.extapps/findmy/views/findmy_main.o
 .debug_line.text.findmy_main_alloc
                0x00002de1       0x51 build/f7-firmware-C/.extapps/findmy/views/findmy_main.o
 .debug_line.text.findmy_main_free
                0x00002e32       0x31 build/f7-firmware-C/.extapps/findmy/views/findmy_main.o
 .debug_line.text.findmy_main_get_view
                0x00002e63       0x1e build/f7-firmware-C/.extapps/findmy/views/findmy_main.o
 .debug_line.text.findmy_main_set_callback
                0x00002e81       0x24 build/f7-firmware-C/.extapps/findmy/views/findmy_main.o
 .debug_line.text.findmy_main_update_active
                0x00002ea5       0x39 build/f7-firmware-C/.extapps/findmy/views/findmy_main.o
 .debug_line.text.findmy_main_toggle_mac
                0x00002ede       0x39 build/f7-firmware-C/.extapps/findmy/views/findmy_main.o
 .debug_line.text.findmy_main_update_mac
                0x00002f17       0x3a build/f7-firmware-C/.extapps/findmy/views/findmy_main.o
 .debug_line.text.findmy_main_update_interval
                0x00002f51       0x39 build/f7-firmware-C/.extapps/findmy/views/findmy_main.o
 .debug_line.text.findmy_main_update_type
                0x00002f8a       0x39 build/f7-firmware-C/.extapps/findmy/views/findmy_main.o
 .debug_line_end
                0x00002fc3        0x0 build/f7-firmware-C/.extapps/findmy/views/findmy_main.o
 .debug_line    0x00002fc3      0x3de build/f7-firmware-C/.extapps/findmy/findmy.o
 .debug_line.text.findmy_back_event_callback
                0x000033a1       0x1c build/f7-firmware-C/.extapps/findmy/findmy.o
 .debug_line.text.findmy_custom_event_callback
                0x000033bd       0x1d build/f7-firmware-C/.extapps/findmy/findmy.o
 .debug_line.text.findmy_main
                0x000033da       0xfd build/f7-firmware-C/.extapps/findmy/findmy.o
 .debug_line.text.findmy_change_broadcast_interval
                0x000034d7       0x3b build/f7-firmware-C/.extapps/findmy/findmy.o
 .debug_line.text.findmy_change_transmit_power
                0x00003512       0x2a build/f7-firmware-C/.extapps/findmy/findmy.o
 .debug_line.text.findmy_toggle_show_mac
                0x0000353c       0x35 build/f7-firmware-C/.extapps/findmy/findmy.o
 .debug_line.text.findmy_toggle_beacon
                0x00003571       0x31 build/f7-firmware-C/.extapps/findmy/findmy.o
 .debug_line.text.findmy_set_tag_type
                0x000035a2       0x32 build/f7-firmware-C/.extapps/findmy/findmy.o
 .debug_line.text.reverse_mac_addr
                0x000035d4       0x71 build/f7-firmware-C/.extapps/findmy/findmy.o
 .debug_line_end
                0x00003645        0x0 build/f7-firmware-C/.extapps/findmy/findmy.o
 .debug_line    0x00003645      0x2c1 build/f7-firmware-C/.extapps/findmy/findmy_state.o
 .debug_line.text.findmy_state_data_size
                0x00003906       0x1e build/f7-firmware-C/.extapps/findmy/findmy_state.o
 .debug_line.text.findmy_state_load
                0x00003924      0x18e build/f7-firmware-C/.extapps/findmy/findmy_state.o
 .debug_line.text.findmy_state_apply
                0x00003ab2       0xe1 build/f7-firmware-C/.extapps/findmy/findmy_state.o
 .debug_line.text.findmy_state_save_and_apply
                0x00003b93       0xe5 build/f7-firmware-C/.extapps/findmy/findmy_state.o
 .debug_line_end
                0x00003c78        0x0 build/f7-firmware-C/.extapps/findmy/findmy_state.o
 .debug_line    0x00003c78      0x18a build/f7-firmware-C/.extapps/findmy/findmy_icons.o
 .debug_line_end
                0x00003e02        0x0 build/f7-firmware-C/.extapps/findmy/findmy_icons.o

.debug_frame    0x00000000      0x738
 *(.debug_frame)
 .debug_frame   0x00000000       0x5c build/f7-firmware-C/.extapps/findmy/helpers/base64.o
 .debug_frame   0x0000005c       0xe0 build/f7-firmware-C/.extapps/findmy/scenes/findmy_scene_config.o
 .debug_frame   0x0000013c       0x88 build/f7-firmware-C/.extapps/findmy/scenes/findmy_scene_config_import.o
 .debug_frame   0x000001c4       0x7c build/f7-firmware-C/.extapps/findmy/scenes/findmy_scene_config_import_result.o
 .debug_frame   0x00000240       0x90 build/f7-firmware-C/.extapps/findmy/scenes/findmy_scene_config_mac.o
 .debug_frame   0x000002d0       0x8c build/f7-firmware-C/.extapps/findmy/scenes/findmy_scene_config_packet.o
 .debug_frame   0x0000035c       0x78 build/f7-firmware-C/.extapps/findmy/scenes/findmy_scene_config_tagtype.o
 .debug_frame   0x000003d4       0x6c build/f7-firmware-C/.extapps/findmy/scenes/findmy_scene_main.o
 .debug_frame   0x00000440      0x164 build/f7-firmware-C/.extapps/findmy/views/findmy_main.o
 .debug_frame   0x000005a4       0xf8 build/f7-firmware-C/.extapps/findmy/findmy.o
 .debug_frame   0x0000069c       0x9c build/f7-firmware-C/.extapps/findmy/findmy_state.o

.debug_str      0x00000000     0x65bb
 *(.debug_str)
 .debug_str     0x00000000      0x289 build/f7-firmware-C/.extapps/findmy/helpers/base64.o
 .debug_str     0x00000289      0x6fd build/f7-firmware-C/.extapps/findmy/scenes/findmy_scene.o
 .debug_str     0x00000986      0x91f build/f7-firmware-C/.extapps/findmy/scenes/findmy_scene_config.o
 .debug_str     0x000012a5      0xc72 build/f7-firmware-C/.extapps/findmy/scenes/findmy_scene_config_import.o
 .debug_str     0x00001f17      0x7ec build/f7-firmware-C/.extapps/findmy/scenes/findmy_scene_config_import_result.o
 .debug_str     0x00002703      0x6d3 build/f7-firmware-C/.extapps/findmy/scenes/findmy_scene_config_mac.o
 .debug_str     0x00002dd6      0x6fb build/f7-firmware-C/.extapps/findmy/scenes/findmy_scene_config_packet.o
 .debug_str     0x000034d1      0x7a1 build/f7-firmware-C/.extapps/findmy/scenes/findmy_scene_config_tagtype.o
 .debug_str     0x00003c72      0x714 build/f7-firmware-C/.extapps/findmy/scenes/findmy_scene_main.o
 .debug_str     0x00004386      0x948 build/f7-firmware-C/.extapps/findmy/views/findmy_main.o
 .debug_str     0x00004cce      0xaf5 build/f7-firmware-C/.extapps/findmy/findmy.o
 .debug_str     0x000057c3      0xb81 build/f7-firmware-C/.extapps/findmy/findmy_state.o
 .debug_str     0x00006344      0x277 build/f7-firmware-C/.extapps/findmy/findmy_icons.o

.debug_loc
 *(.debug_loc)

.debug_macinfo
 *(.debug_macinfo)

.debug_weaknames
 *(.debug_weaknames)

.debug_funcnames
 *(.debug_funcnames)

.debug_typenames
 *(.debug_typenames)

.debug_varnames
 *(.debug_varnames)

.debug_pubtypes
 *(.debug_pubtypes)

.debug_ranges
 *(.debug_ranges)

.debug_addr
 *(.debug_addr)

.debug_line_str
 *(.debug_line_str)

.debug_loclists
                0x00000000     0x1ad1
 *(.debug_loclists)
 .debug_loclists
                0x00000000      0x4c5 build/f7-firmware-C/.extapps/findmy/helpers/base64.o
 .debug_loclists
                0x000004c5      0x25f build/f7-firmware-C/.extapps/findmy/scenes/findmy_scene_config.o
 .debug_loclists
                0x00000724      0x4d4 build/f7-firmware-C/.extapps/findmy/scenes/findmy_scene_config_import.o
 .debug_loclists
                0x00000bf8      0x19f build/f7-firmware-C/.extapps/findmy/scenes/findmy_scene_config_import_result.o
 .debug_loclists
                0x00000d97      0x153 build/f7-firmware-C/.extapps/findmy/scenes/findmy_scene_config_mac.o
 .debug_loclists
                0x00000eea      0x153 build/f7-firmware-C/.extapps/findmy/scenes/findmy_scene_config_packet.o
 .debug_loclists
                0x0000103d      0x156 build/f7-firmware-C/.extapps/findmy/scenes/findmy_scene_config_tagtype.o
 .debug_loclists
                0x00001193      0x18f build/f7-firmware-C/.extapps/findmy/scenes/findmy_scene_main.o
 .debug_loclists
                0x00001322      0x363 build/f7-firmware-C/.extapps/findmy/views/findmy_main.o
 .debug_loclists
                0x00001685      0x240 build/f7-firmware-C/.extapps/findmy/findmy.o
 .debug_loclists
                0x000018c5      0x20c build/f7-firmware-C/.extapps/findmy/findmy_state.o

.debug_macro
 *(.debug_macro)

.debug_names
 *(.debug_names)

.debug_rnglists
                0x00000000      0x378
 *(.debug_rnglists)
 .debug_rnglists
                0x00000000       0x1b build/f7-firmware-C/.extapps/findmy/helpers/base64.o
 .debug_rnglists
                0x0000001b       0x38 build/f7-firmware-C/.extapps/findmy/scenes/findmy_scene_config.o
 .debug_rnglists
                0x00000053       0xbe build/f7-firmware-C/.extapps/findmy/scenes/findmy_scene_config_import.o
 .debug_rnglists
                0x00000111       0x26 build/f7-firmware-C/.extapps/findmy/scenes/findmy_scene_config_import_result.o
 .debug_rnglists
                0x00000137       0x25 build/f7-firmware-C/.extapps/findmy/scenes/findmy_scene_config_mac.o
 .debug_rnglists
                0x0000015c       0x25 build/f7-firmware-C/.extapps/findmy/scenes/findmy_scene_config_packet.o
 .debug_rnglists
                0x00000181       0x26 build/f7-firmware-C/.extapps/findmy/scenes/findmy_scene_config_tagtype.o
 .debug_rnglists
                0x000001a7       0x26 build/f7-firmware-C/.extapps/findmy/scenes/findmy_scene_main.o
 .debug_rnglists
                0x000001cd       0xd4 build/f7-firmware-C/.extapps/findmy/views/findmy_main.o
 .debug_rnglists
                0x000002a1       0x6f build/f7-firmware-C/.extapps/findmy/findmy.o
 .debug_rnglists
                0x00000310       0x68 build/f7-firmware-C/.extapps/findmy/findmy_state.o

.debug_str_offsets
 *(.debug_str_offsets)

.debug_sup
 *(.debug_sup)

.ARM.attributes
                0x00000000       0x34
 *(.ARM.attributes)
 .ARM.attributes
                0x00000000       0x34 build/f7-firmware-C/.extapps/findmy/helpers/base64.o
 .ARM.attributes
                0x00000034       0x34 build/f7-firmware-C/.extapps/findmy/scenes/findmy_scene.o
 .ARM.attributes
                0x00000068       0x34 build/f7-firmware-C/.extapps/findmy/scenes/findmy_scene_config.o
 .ARM.attributes
                0x0000009c       0x34 build/f7-firmware-C/.extapps/findmy/scenes/findmy_scene_config_import.o
 .ARM.attributes
                0x000000d0       0x34 build/f7-firmware-C/.extapps/findmy/scenes/findmy_scene_config_import_result.o
 .ARM.attributes
                0x00000104       0x34 build/f7-firmware-C/.extapps/findmy/scenes/findmy_scene_config_mac.o
 .ARM.attributes
                0x00000138       0x34 build/f7-firmware-C/.extapps/findmy/scenes/findmy_scene_config_packet.o
 .ARM.attributes
                0x0000016c       0x34 build/f7-firmware-C/.extapps/findmy/scenes/findmy_scene_config_tagtype.o
 .ARM.attributes
                0x000001a0       0x34 build/f7-firmware-C/.extapps/findmy/scenes/findmy_scene_main.o
 .ARM.attributes
                0x000001d4       0x34 build/f7-firmware-C/.extapps/findmy/views/findmy_main.o
 .ARM.attributes
                0x00000208       0x34 build/f7-firmware-C/.extapps/findmy/findmy.o
 .ARM.attributes
                0x0000023c       0x34 build/f7-firmware-C/.extapps/findmy/findmy_startup.o
 .ARM.attributes
                0x00000270       0x34 build/f7-firmware-C/.extapps/findmy/findmy_state.o
 .ARM.attributes
                0x000002a4       0x34 build/f7-firmware-C/.extapps/findmy/findmy_icons.o
 *(.gnu.attributes)

.note.gnu.arm.ident
 *(.note.gnu.arm.ident)

/DISCARD/
 *(.note.GNU-stack)
 *(.gnu_debuglink)
 *(.gnu.lto_*)

/DISCARD/
 *(.comment)
 *(.comment.*)
 *(.llvmbc)
 *(.llvmcmd)
OUTPUT(build/f7-firmware-C/.extapps/findmy_d.elf elf32-littlearm)
LOAD linker stubs
