Archive member included to satisfy reference by file (symbol)

/home/edgar/dev/f0/momentum-firmware/My-personal-momentum-F0-firmware/toolchain/x86_64-linux/bin/../lib/gcc/arm-none-eabi/12.3.1/thumb/v7e-m+fp/hard/libgcc.a(_arm_addsubdf3.o)
                              build/f7-firmware-C/.extapps/nfc_iso14443_4a/helpers/protocol_support/iso14443_4a/iso14443_4a_render.o (__aeabi_f2d)

Discarded input sections

 .text          0x00000000        0x0 build/f7-firmware-C/.extapps/nfc_iso14443_4a/helpers/protocol_support/iso14443_3a/iso14443_3a.o
 .data          0x00000000        0x0 build/f7-firmware-C/.extapps/nfc_iso14443_4a/helpers/protocol_support/iso14443_3a/iso14443_3a.o
 .bss           0x00000000        0x0 build/f7-firmware-C/.extapps/nfc_iso14443_4a/helpers/protocol_support/iso14443_3a/iso14443_3a.o
 .text.nfc_scene_emulate_on_enter_iso14443_3a
                0x00000000       0x3c build/f7-firmware-C/.extapps/nfc_iso14443_4a/helpers/protocol_support/iso14443_3a/iso14443_3a.o
 .rodata.nfc_scene_emulate_listener_callback_iso14443_3a.str1.1
                0x00000000        0x9 build/f7-firmware-C/.extapps/nfc_iso14443_4a/helpers/protocol_support/iso14443_3a/iso14443_3a.o
 .text.nfc_scene_emulate_listener_callback_iso14443_3a
                0x00000000       0x98 build/f7-firmware-C/.extapps/nfc_iso14443_4a/helpers/protocol_support/iso14443_3a/iso14443_3a.o
 .rodata.nfc_scene_read_success_on_enter_iso14443_3a.str1.1
                0x00000000        0x6 build/f7-firmware-C/.extapps/nfc_iso14443_4a/helpers/protocol_support/iso14443_3a/iso14443_3a.o
 .text.nfc_scene_read_success_on_enter_iso14443_3a
                0x00000000       0x80 build/f7-firmware-C/.extapps/nfc_iso14443_4a/helpers/protocol_support/iso14443_3a/iso14443_3a.o
 .text.nfc_scene_read_on_enter_iso14443_3a
                0x00000000       0x14 build/f7-firmware-C/.extapps/nfc_iso14443_4a/helpers/protocol_support/iso14443_3a/iso14443_3a.o
 .text.nfc_scene_info_on_enter_iso14443_3a
                0x00000000       0x8c build/f7-firmware-C/.extapps/nfc_iso14443_4a/helpers/protocol_support/iso14443_3a/iso14443_3a.o
 .text.nfc_scene_read_poller_callback_iso14443_3a
                0x00000000       0x48 build/f7-firmware-C/.extapps/nfc_iso14443_4a/helpers/protocol_support/iso14443_3a/iso14443_3a.o
 .text.nfc_iso14443_3a_ep
                0x00000000        0x8 build/f7-firmware-C/.extapps/nfc_iso14443_4a/helpers/protocol_support/iso14443_3a/iso14443_3a.o
 .rodata.str1.1
                0x00000000       0x19 build/f7-firmware-C/.extapps/nfc_iso14443_4a/helpers/protocol_support/iso14443_3a/iso14443_3a.o
 .rodata.plugin_descriptor_iso14443_3a
                0x00000000        0xc build/f7-firmware-C/.extapps/nfc_iso14443_4a/helpers/protocol_support/iso14443_3a/iso14443_3a.o
 .rodata.nfc_protocol_support_iso14443_3a_desc
                0x00000000        0x8 build/f7-firmware-C/.extapps/nfc_iso14443_4a/helpers/protocol_support/iso14443_3a/iso14443_3a.o
 .rodata.nfc_protocol_support_iso14443_3a
                0x00000000       0x4c build/f7-firmware-C/.extapps/nfc_iso14443_4a/helpers/protocol_support/iso14443_3a/iso14443_3a.o
 .debug_info    0x00000000     0x193d build/f7-firmware-C/.extapps/nfc_iso14443_4a/helpers/protocol_support/iso14443_3a/iso14443_3a.o
 .debug_abbrev  0x00000000      0x398 build/f7-firmware-C/.extapps/nfc_iso14443_4a/helpers/protocol_support/iso14443_3a/iso14443_3a.o
 .debug_loclists
                0x00000000      0x1b6 build/f7-firmware-C/.extapps/nfc_iso14443_4a/helpers/protocol_support/iso14443_3a/iso14443_3a.o
 .debug_aranges
                0x00000000       0x50 build/f7-firmware-C/.extapps/nfc_iso14443_4a/helpers/protocol_support/iso14443_3a/iso14443_3a.o
 .debug_rnglists
                0x00000000       0x49 build/f7-firmware-C/.extapps/nfc_iso14443_4a/helpers/protocol_support/iso14443_3a/iso14443_3a.o
 .debug_line    0x00000000      0x977 build/f7-firmware-C/.extapps/nfc_iso14443_4a/helpers/protocol_support/iso14443_3a/iso14443_3a.o
 .debug_str     0x00000000     0x19b7 build/f7-firmware-C/.extapps/nfc_iso14443_4a/helpers/protocol_support/iso14443_3a/iso14443_3a.o
 .comment       0x00000000       0x1c build/f7-firmware-C/.extapps/nfc_iso14443_4a/helpers/protocol_support/iso14443_3a/iso14443_3a.o
 .debug_line.text.nfc_scene_emulate_on_enter_iso14443_3a
                0x00000000       0x44 build/f7-firmware-C/.extapps/nfc_iso14443_4a/helpers/protocol_support/iso14443_3a/iso14443_3a.o
 .debug_line.text.nfc_scene_emulate_listener_callback_iso14443_3a
                0x00000000       0xa7 build/f7-firmware-C/.extapps/nfc_iso14443_4a/helpers/protocol_support/iso14443_3a/iso14443_3a.o
 .debug_line.text.nfc_scene_read_success_on_enter_iso14443_3a
                0x00000000       0x53 build/f7-firmware-C/.extapps/nfc_iso14443_4a/helpers/protocol_support/iso14443_3a/iso14443_3a.o
 .debug_line.text.nfc_scene_read_on_enter_iso14443_3a
                0x00000000       0x1d build/f7-firmware-C/.extapps/nfc_iso14443_4a/helpers/protocol_support/iso14443_3a/iso14443_3a.o
 .debug_line.text.nfc_scene_info_on_enter_iso14443_3a
                0x00000000       0x54 build/f7-firmware-C/.extapps/nfc_iso14443_4a/helpers/protocol_support/iso14443_3a/iso14443_3a.o
 .debug_line.text.nfc_scene_read_poller_callback_iso14443_3a
                0x00000000       0x3a build/f7-firmware-C/.extapps/nfc_iso14443_4a/helpers/protocol_support/iso14443_3a/iso14443_3a.o
 .debug_line.text.nfc_iso14443_3a_ep
                0x00000000       0x13 build/f7-firmware-C/.extapps/nfc_iso14443_4a/helpers/protocol_support/iso14443_3a/iso14443_3a.o
 .debug_line_end
                0x00000000        0x0 build/f7-firmware-C/.extapps/nfc_iso14443_4a/helpers/protocol_support/iso14443_3a/iso14443_3a.o
 .debug_frame   0x00000000       0xf0 build/f7-firmware-C/.extapps/nfc_iso14443_4a/helpers/protocol_support/iso14443_3a/iso14443_3a.o
 .text          0x00000000        0x0 build/f7-firmware-C/.extapps/nfc_iso14443_4a/helpers/protocol_support/iso14443_3a/iso14443_3a_render.o
 .data          0x00000000        0x0 build/f7-firmware-C/.extapps/nfc_iso14443_4a/helpers/protocol_support/iso14443_3a/iso14443_3a_render.o
 .bss           0x00000000        0x0 build/f7-firmware-C/.extapps/nfc_iso14443_4a/helpers/protocol_support/iso14443_3a/iso14443_3a_render.o
 .text.nfc_render_iso14443_3a_info
                0x00000000       0x34 build/f7-firmware-C/.extapps/nfc_iso14443_4a/helpers/protocol_support/iso14443_3a/iso14443_3a_render.o
 .comment       0x00000000       0x1c build/f7-firmware-C/.extapps/nfc_iso14443_4a/helpers/protocol_support/iso14443_3a/iso14443_3a_render.o
 .debug_line.text.nfc_render_iso14443_3a_info
                0x00000000       0x3b build/f7-firmware-C/.extapps/nfc_iso14443_4a/helpers/protocol_support/iso14443_3a/iso14443_3a_render.o
 .text          0x00000000        0x0 build/f7-firmware-C/.extapps/nfc_iso14443_4a/helpers/protocol_support/iso14443_4a/iso14443_4a.o
 .data          0x00000000        0x0 build/f7-firmware-C/.extapps/nfc_iso14443_4a/helpers/protocol_support/iso14443_4a/iso14443_4a.o
 .bss           0x00000000        0x0 build/f7-firmware-C/.extapps/nfc_iso14443_4a/helpers/protocol_support/iso14443_4a/iso14443_4a.o
 .comment       0x00000000       0x1c build/f7-firmware-C/.extapps/nfc_iso14443_4a/helpers/protocol_support/iso14443_4a/iso14443_4a.o
 .text          0x00000000        0x0 build/f7-firmware-C/.extapps/nfc_iso14443_4a/helpers/protocol_support/iso14443_4a/iso14443_4a_render.o
 .data          0x00000000        0x0 build/f7-firmware-C/.extapps/nfc_iso14443_4a/helpers/protocol_support/iso14443_4a/iso14443_4a_render.o
 .bss           0x00000000        0x0 build/f7-firmware-C/.extapps/nfc_iso14443_4a/helpers/protocol_support/iso14443_4a/iso14443_4a_render.o
 .comment       0x00000000       0x1c build/f7-firmware-C/.extapps/nfc_iso14443_4a/helpers/protocol_support/iso14443_4a/iso14443_4a_render.o
 .data          0x00000000        0x0 /home/edgar/dev/f0/momentum-firmware/My-personal-momentum-F0-firmware/toolchain/x86_64-linux/bin/../lib/gcc/arm-none-eabi/12.3.1/thumb/v7e-m+fp/hard/libgcc.a(_arm_addsubdf3.o)
 .bss           0x00000000        0x0 /home/edgar/dev/f0/momentum-firmware/My-personal-momentum-F0-firmware/toolchain/x86_64-linux/bin/../lib/gcc/arm-none-eabi/12.3.1/thumb/v7e-m+fp/hard/libgcc.a(_arm_addsubdf3.o)

Memory Configuration

Name             Origin             Length             Attributes
*default*        0x00000000         0xffffffff

Linker script and memory map

LOAD build/f7-firmware-C/.extapps/nfc_iso14443_4a/helpers/protocol_support/iso14443_3a/iso14443_3a.o
LOAD build/f7-firmware-C/.extapps/nfc_iso14443_4a/helpers/protocol_support/iso14443_3a/iso14443_3a_render.o
LOAD build/f7-firmware-C/.extapps/nfc_iso14443_4a/helpers/protocol_support/iso14443_4a/iso14443_4a.o
LOAD build/f7-firmware-C/.extapps/nfc_iso14443_4a/helpers/protocol_support/iso14443_4a/iso14443_4a_render.o
LOAD /home/edgar/dev/f0/momentum-firmware/My-personal-momentum-F0-firmware/toolchain/x86_64-linux/bin/../lib/gcc/arm-none-eabi/12.3.1/../../../../arm-none-eabi/lib/thumb/v7e-m+fp/hard/libm.a
LOAD /home/edgar/dev/f0/momentum-firmware/My-personal-momentum-F0-firmware/toolchain/x86_64-linux/bin/../lib/gcc/arm-none-eabi/12.3.1/thumb/v7e-m+fp/hard/libgcc.a
LOAD /home/edgar/dev/f0/momentum-firmware/My-personal-momentum-F0-firmware/toolchain/x86_64-linux/bin/../lib/gcc/arm-none-eabi/12.3.1/../../../../arm-none-eabi/lib/thumb/v7e-m+fp/hard/libstdc++_nano.a
LOAD /home/edgar/dev/f0/momentum-firmware/My-personal-momentum-F0-firmware/toolchain/x86_64-linux/bin/../lib/gcc/arm-none-eabi/12.3.1/../../../../arm-none-eabi/lib/thumb/v7e-m+fp/hard/libsupc++_nano.a

.text           0x00000000      0x880
 *(.text)
 .text          0x00000000      0x378 /home/edgar/dev/f0/momentum-firmware/My-personal-momentum-F0-firmware/toolchain/x86_64-linux/bin/../lib/gcc/arm-none-eabi/12.3.1/thumb/v7e-m+fp/hard/libgcc.a(_arm_addsubdf3.o)
                0x00000000                __aeabi_drsub
                0x00000008                __aeabi_dsub
                0x00000008                __subdf3
                0x0000000c                __adddf3
                0x0000000c                __aeabi_dadd
                0x00000284                __aeabi_ui2d
                0x00000284                __floatunsidf
                0x000002a4                __floatsidf
                0x000002a4                __aeabi_i2d
                0x000002c8                __extendsfdf2
                0x000002c8                __aeabi_f2d
                0x0000030c                __aeabi_ul2d
                0x0000030c                __floatundidf
                0x0000031c                __floatdidf
                0x0000031c                __aeabi_l2d
 *(.stub)
 *(.text*)
 .text.nfc_render_iso14443_3a_format_bytes
                0x00000378       0x2c build/f7-firmware-C/.extapps/nfc_iso14443_4a/helpers/protocol_support/iso14443_3a/iso14443_3a_render.o
                0x00000378                nfc_render_iso14443_3a_format_bytes
 .text.nfc_render_iso14443_tech_type
                0x000003a4       0x28 build/f7-firmware-C/.extapps/nfc_iso14443_4a/helpers/protocol_support/iso14443_3a/iso14443_3a_render.o
                0x000003a4                nfc_render_iso14443_tech_type
 .text.nfc_render_iso14443_3a_brief
                0x000003cc       0x28 build/f7-firmware-C/.extapps/nfc_iso14443_4a/helpers/protocol_support/iso14443_3a/iso14443_3a_render.o
                0x000003cc                nfc_render_iso14443_3a_brief
 .text.nfc_render_iso14443_3a_extra
                0x000003f4       0x2c build/f7-firmware-C/.extapps/nfc_iso14443_4a/helpers/protocol_support/iso14443_3a/iso14443_3a_render.o
                0x000003f4                nfc_render_iso14443_3a_extra
 .text.nfc_scene_saved_menu_on_enter_iso14443_4a
                0x00000420        0x2 build/f7-firmware-C/.extapps/nfc_iso14443_4a/helpers/protocol_support/iso14443_4a/iso14443_4a.o
 *fill*         0x00000422        0x2 
 .text.nfc_scene_emulate_listener_callback_iso14443_4a
                0x00000424       0x98 build/f7-firmware-C/.extapps/nfc_iso14443_4a/helpers/protocol_support/iso14443_4a/iso14443_4a.o
                0x00000424                nfc_scene_emulate_listener_callback_iso14443_4a
 .text.nfc_scene_emulate_on_enter_iso14443_4a
                0x000004bc       0x3c build/f7-firmware-C/.extapps/nfc_iso14443_4a/helpers/protocol_support/iso14443_4a/iso14443_4a.o
 .text.nfc_scene_read_success_on_enter_iso14443_4a
                0x000004f8       0x80 build/f7-firmware-C/.extapps/nfc_iso14443_4a/helpers/protocol_support/iso14443_4a/iso14443_4a.o
 .text.nfc_scene_read_on_enter_iso14443_4a
                0x00000578       0x14 build/f7-firmware-C/.extapps/nfc_iso14443_4a/helpers/protocol_support/iso14443_4a/iso14443_4a.o
 .text.nfc_scene_info_on_enter_iso14443_4a
                0x0000058c       0x8c build/f7-firmware-C/.extapps/nfc_iso14443_4a/helpers/protocol_support/iso14443_4a/iso14443_4a.o
 .text.nfc_scene_read_poller_callback_iso14443_4a
                0x00000618       0x48 build/f7-firmware-C/.extapps/nfc_iso14443_4a/helpers/protocol_support/iso14443_4a/iso14443_4a.o
 .text.nfc_iso14443_4a_ep
                0x00000660        0x8 build/f7-firmware-C/.extapps/nfc_iso14443_4a/helpers/protocol_support/iso14443_4a/iso14443_4a.o
                0x00000660                nfc_iso14443_4a_ep
 .text.nfc_render_iso14443_4a_brief
                0x00000668       0x2c build/f7-firmware-C/.extapps/nfc_iso14443_4a/helpers/protocol_support/iso14443_4a/iso14443_4a_render.o
                0x00000668                nfc_render_iso14443_4a_brief
 .text.nfc_render_iso14443_4a_extra
                0x00000694      0x1c4 build/f7-firmware-C/.extapps/nfc_iso14443_4a/helpers/protocol_support/iso14443_4a/iso14443_4a_render.o
                0x00000694                nfc_render_iso14443_4a_extra
 .text.nfc_render_iso14443_4a_info
                0x00000858       0x28 build/f7-firmware-C/.extapps/nfc_iso14443_4a/helpers/protocol_support/iso14443_4a/iso14443_4a_render.o
                0x00000858                nfc_render_iso14443_4a_info
 *(.text.*)
 *(.text._*)
 *(.init)
 *(.fini)

.rodata         0x00000880      0x25b
 *(.rodata)
 *(.rodata1)
 *(.rodata.*)
 .rodata.nfc_render_iso14443_3a_format_bytes.str1.1
                0x00000880        0x6 build/f7-firmware-C/.extapps/nfc_iso14443_4a/helpers/protocol_support/iso14443_3a/iso14443_3a_render.o
 .rodata.nfc_render_iso14443_tech_type.str1.1
                0x00000886       0x1c build/f7-firmware-C/.extapps/nfc_iso14443_4a/helpers/protocol_support/iso14443_3a/iso14443_3a_render.o
 .rodata.nfc_render_iso14443_3a_brief.str1.1
                0x000008a2        0x5 build/f7-firmware-C/.extapps/nfc_iso14443_4a/helpers/protocol_support/iso14443_3a/iso14443_3a_render.o
 .rodata.nfc_render_iso14443_3a_extra.str1.1
                0x000008a7       0x1e build/f7-firmware-C/.extapps/nfc_iso14443_4a/helpers/protocol_support/iso14443_3a/iso14443_3a_render.o
 .rodata.nfc_scene_emulate_listener_callback_iso14443_4a.str1.1
                0x000008c5        0x9 build/f7-firmware-C/.extapps/nfc_iso14443_4a/helpers/protocol_support/iso14443_4a/iso14443_4a.o
 .rodata.nfc_scene_read_success_on_enter_iso14443_4a.str1.1
                0x000008ce        0x6 build/f7-firmware-C/.extapps/nfc_iso14443_4a/helpers/protocol_support/iso14443_4a/iso14443_4a.o
 .rodata.str1.1
                0x000008d4       0x19 build/f7-firmware-C/.extapps/nfc_iso14443_4a/helpers/protocol_support/iso14443_4a/iso14443_4a.o
 *fill*         0x000008ed        0x3 
 .rodata.plugin_descriptor_iso14443_4a
                0x000008f0        0xc build/f7-firmware-C/.extapps/nfc_iso14443_4a/helpers/protocol_support/iso14443_4a/iso14443_4a.o
 .rodata.nfc_protocol_support_iso14443_4a_desc
                0x000008fc        0x8 build/f7-firmware-C/.extapps/nfc_iso14443_4a/helpers/protocol_support/iso14443_4a/iso14443_4a.o
 .rodata.nfc_protocol_support_iso14443_4a
                0x00000904       0x4c build/f7-firmware-C/.extapps/nfc_iso14443_4a/helpers/protocol_support/iso14443_4a/iso14443_4a.o
                0x00000904                nfc_protocol_support_iso14443_4a
 .rodata.nfc_render_iso14443_4a_extra.str1.1
                0x00000950      0x18b build/f7-firmware-C/.extapps/nfc_iso14443_4a/helpers/protocol_support/iso14443_4a/iso14443_4a_render.o

.data
 *(.data)
 *(.data1)
 *(.data.*)

.bss
 *(.bss)
 *(.bss*)
 *(.sbss)
 *(.sbss*)
 *(COMMON)

.stab
 *(.stab)

.stabstr
 *(.stabstr)

.stab.excl
 *(.stab.excl)

.stab.exclstr
 *(.stab.exclstr)

.stab.index
 *(.stab.index)

.stab.indexstr
 *(.stab.indexstr)

.gnu.build.attributes
 *(.gnu.build.attributes .gnu.build.attributes.*)

.debug
 *(.debug)

.line
 *(.line)

.debug_srcinfo
 *(.debug_srcinfo)

.debug_sfnames
 *(.debug_sfnames)

.debug_aranges  0x00000000       0xc8
 *(.debug_aranges)
 .debug_aranges
                0x00000000       0x40 build/f7-firmware-C/.extapps/nfc_iso14443_4a/helpers/protocol_support/iso14443_3a/iso14443_3a_render.o
 .debug_aranges
                0x00000040       0x58 build/f7-firmware-C/.extapps/nfc_iso14443_4a/helpers/protocol_support/iso14443_4a/iso14443_4a.o
 .debug_aranges
                0x00000098       0x30 build/f7-firmware-C/.extapps/nfc_iso14443_4a/helpers/protocol_support/iso14443_4a/iso14443_4a_render.o

.debug_pubnames
 *(.debug_pubnames)

.debug_info     0x00000000     0x26b6
 *(.debug_info .gnu.linkonce.wi.*)
 .debug_info    0x00000000      0x3ed build/f7-firmware-C/.extapps/nfc_iso14443_4a/helpers/protocol_support/iso14443_3a/iso14443_3a_render.o
 .debug_info    0x000003ed     0x19ec build/f7-firmware-C/.extapps/nfc_iso14443_4a/helpers/protocol_support/iso14443_4a/iso14443_4a.o
 .debug_info    0x00001dd9      0x8dd build/f7-firmware-C/.extapps/nfc_iso14443_4a/helpers/protocol_support/iso14443_4a/iso14443_4a_render.o

.debug_abbrev   0x00000000      0x756
 *(.debug_abbrev)
 .debug_abbrev  0x00000000      0x1ca build/f7-firmware-C/.extapps/nfc_iso14443_4a/helpers/protocol_support/iso14443_3a/iso14443_3a_render.o
 .debug_abbrev  0x000001ca      0x39b build/f7-firmware-C/.extapps/nfc_iso14443_4a/helpers/protocol_support/iso14443_4a/iso14443_4a.o
 .debug_abbrev  0x00000565      0x1f1 build/f7-firmware-C/.extapps/nfc_iso14443_4a/helpers/protocol_support/iso14443_4a/iso14443_4a_render.o

.debug_line     0x00000000     0x1426
 *(.debug_line .debug_line.* .debug_line_end)
 .debug_line    0x00000000      0x28f build/f7-firmware-C/.extapps/nfc_iso14443_4a/helpers/protocol_support/iso14443_3a/iso14443_3a_render.o
 .debug_line.text.nfc_render_iso14443_3a_format_bytes
                0x0000028f       0x48 build/f7-firmware-C/.extapps/nfc_iso14443_4a/helpers/protocol_support/iso14443_3a/iso14443_3a_render.o
 .debug_line.text.nfc_render_iso14443_tech_type
                0x000002d7       0x2c build/f7-firmware-C/.extapps/nfc_iso14443_4a/helpers/protocol_support/iso14443_3a/iso14443_3a_render.o
 .debug_line.text.nfc_render_iso14443_3a_brief
                0x00000303       0x28 build/f7-firmware-C/.extapps/nfc_iso14443_4a/helpers/protocol_support/iso14443_3a/iso14443_3a_render.o
 .debug_line.text.nfc_render_iso14443_3a_extra
                0x0000032b       0x2d build/f7-firmware-C/.extapps/nfc_iso14443_4a/helpers/protocol_support/iso14443_3a/iso14443_3a_render.o
 .debug_line_end
                0x00000358        0x0 build/f7-firmware-C/.extapps/nfc_iso14443_4a/helpers/protocol_support/iso14443_3a/iso14443_3a_render.o
 .debug_line    0x00000358      0x9c6 build/f7-firmware-C/.extapps/nfc_iso14443_4a/helpers/protocol_support/iso14443_4a/iso14443_4a.o
 .debug_line.text.nfc_scene_saved_menu_on_enter_iso14443_4a
                0x00000d1e       0x18 build/f7-firmware-C/.extapps/nfc_iso14443_4a/helpers/protocol_support/iso14443_4a/iso14443_4a.o
 .debug_line.text.nfc_scene_emulate_listener_callback_iso14443_4a
                0x00000d36       0xa7 build/f7-firmware-C/.extapps/nfc_iso14443_4a/helpers/protocol_support/iso14443_4a/iso14443_4a.o
 .debug_line.text.nfc_scene_emulate_on_enter_iso14443_4a
                0x00000ddd       0x44 build/f7-firmware-C/.extapps/nfc_iso14443_4a/helpers/protocol_support/iso14443_4a/iso14443_4a.o
 .debug_line.text.nfc_scene_read_success_on_enter_iso14443_4a
                0x00000e21       0x53 build/f7-firmware-C/.extapps/nfc_iso14443_4a/helpers/protocol_support/iso14443_4a/iso14443_4a.o
 .debug_line.text.nfc_scene_read_on_enter_iso14443_4a
                0x00000e74       0x1d build/f7-firmware-C/.extapps/nfc_iso14443_4a/helpers/protocol_support/iso14443_4a/iso14443_4a.o
 .debug_line.text.nfc_scene_info_on_enter_iso14443_4a
                0x00000e91       0x54 build/f7-firmware-C/.extapps/nfc_iso14443_4a/helpers/protocol_support/iso14443_4a/iso14443_4a.o
 .debug_line.text.nfc_scene_read_poller_callback_iso14443_4a
                0x00000ee5       0x3a build/f7-firmware-C/.extapps/nfc_iso14443_4a/helpers/protocol_support/iso14443_4a/iso14443_4a.o
 .debug_line.text.nfc_iso14443_4a_ep
                0x00000f1f       0x13 build/f7-firmware-C/.extapps/nfc_iso14443_4a/helpers/protocol_support/iso14443_4a/iso14443_4a.o
 .debug_line_end
                0x00000f32        0x0 build/f7-firmware-C/.extapps/nfc_iso14443_4a/helpers/protocol_support/iso14443_4a/iso14443_4a.o
 .debug_line    0x00000f32      0x340 build/f7-firmware-C/.extapps/nfc_iso14443_4a/helpers/protocol_support/iso14443_4a/iso14443_4a_render.o
 .debug_line.text.nfc_render_iso14443_4a_brief
                0x00001272       0x35 build/f7-firmware-C/.extapps/nfc_iso14443_4a/helpers/protocol_support/iso14443_4a/iso14443_4a_render.o
 .debug_line.text.nfc_render_iso14443_4a_extra
                0x000012a7      0x145 build/f7-firmware-C/.extapps/nfc_iso14443_4a/helpers/protocol_support/iso14443_4a/iso14443_4a_render.o
 .debug_line.text.nfc_render_iso14443_4a_info
                0x000013ec       0x3a build/f7-firmware-C/.extapps/nfc_iso14443_4a/helpers/protocol_support/iso14443_4a/iso14443_4a_render.o
 .debug_line_end
                0x00001426        0x0 build/f7-firmware-C/.extapps/nfc_iso14443_4a/helpers/protocol_support/iso14443_4a/iso14443_4a_render.o

.debug_frame    0x00000000      0x244
 *(.debug_frame)
 .debug_frame   0x00000000       0xbc build/f7-firmware-C/.extapps/nfc_iso14443_4a/helpers/protocol_support/iso14443_3a/iso14443_3a_render.o
 .debug_frame   0x000000bc      0x100 build/f7-firmware-C/.extapps/nfc_iso14443_4a/helpers/protocol_support/iso14443_4a/iso14443_4a.o
 .debug_frame   0x000001bc       0x88 build/f7-firmware-C/.extapps/nfc_iso14443_4a/helpers/protocol_support/iso14443_4a/iso14443_4a_render.o

.debug_str      0x00000000     0x23c5
 *(.debug_str)
 .debug_str     0x00000000      0x39d build/f7-firmware-C/.extapps/nfc_iso14443_4a/helpers/protocol_support/iso14443_3a/iso14443_3a_render.o
 .debug_str     0x0000039d     0x19b4 build/f7-firmware-C/.extapps/nfc_iso14443_4a/helpers/protocol_support/iso14443_4a/iso14443_4a.o
 .debug_str     0x00001d51      0x674 build/f7-firmware-C/.extapps/nfc_iso14443_4a/helpers/protocol_support/iso14443_4a/iso14443_4a_render.o

.debug_loc
 *(.debug_loc)

.debug_macinfo
 *(.debug_macinfo)

.debug_weaknames
 *(.debug_weaknames)

.debug_funcnames
 *(.debug_funcnames)

.debug_typenames
 *(.debug_typenames)

.debug_varnames
 *(.debug_varnames)

.debug_pubtypes
 *(.debug_pubtypes)

.debug_ranges
 *(.debug_ranges)

.debug_addr
 *(.debug_addr)

.debug_line_str
                0x00000000       0xa8
 *(.debug_line_str)
 .debug_line_str
                0x00000000       0xa8 /home/edgar/dev/f0/momentum-firmware/My-personal-momentum-F0-firmware/toolchain/x86_64-linux/bin/../lib/gcc/arm-none-eabi/12.3.1/thumb/v7e-m+fp/hard/libgcc.a(_arm_addsubdf3.o)

.debug_loclists
                0x00000000      0x513
 *(.debug_loclists)
 .debug_loclists
                0x00000000      0x1c2 build/f7-firmware-C/.extapps/nfc_iso14443_4a/helpers/protocol_support/iso14443_3a/iso14443_3a_render.o
 .debug_loclists
                0x000001c2      0x1b6 build/f7-firmware-C/.extapps/nfc_iso14443_4a/helpers/protocol_support/iso14443_4a/iso14443_4a.o
 .debug_loclists
                0x00000378      0x19b build/f7-firmware-C/.extapps/nfc_iso14443_4a/helpers/protocol_support/iso14443_4a/iso14443_4a_render.o

.debug_macro
 *(.debug_macro)

.debug_names
 *(.debug_names)

.debug_rnglists
                0x00000000       0xb6
 *(.debug_rnglists)
 .debug_rnglists
                0x00000000       0x3a build/f7-firmware-C/.extapps/nfc_iso14443_4a/helpers/protocol_support/iso14443_3a/iso14443_3a_render.o
 .debug_rnglists
                0x0000003a       0x4f build/f7-firmware-C/.extapps/nfc_iso14443_4a/helpers/protocol_support/iso14443_4a/iso14443_4a.o
 .debug_rnglists
                0x00000089       0x2d build/f7-firmware-C/.extapps/nfc_iso14443_4a/helpers/protocol_support/iso14443_4a/iso14443_4a_render.o

.debug_str_offsets
 *(.debug_str_offsets)

.debug_sup
 *(.debug_sup)

.ARM.attributes
                0x00000000       0x34
 *(.ARM.attributes)
 .ARM.attributes
                0x00000000       0x34 build/f7-firmware-C/.extapps/nfc_iso14443_4a/helpers/protocol_support/iso14443_3a/iso14443_3a.o
 .ARM.attributes
                0x00000034       0x34 build/f7-firmware-C/.extapps/nfc_iso14443_4a/helpers/protocol_support/iso14443_3a/iso14443_3a_render.o
 .ARM.attributes
                0x00000068       0x34 build/f7-firmware-C/.extapps/nfc_iso14443_4a/helpers/protocol_support/iso14443_4a/iso14443_4a.o
 .ARM.attributes
                0x0000009c       0x34 build/f7-firmware-C/.extapps/nfc_iso14443_4a/helpers/protocol_support/iso14443_4a/iso14443_4a_render.o
 .ARM.attributes
                0x000000d0       0x22 /home/edgar/dev/f0/momentum-firmware/My-personal-momentum-F0-firmware/toolchain/x86_64-linux/bin/../lib/gcc/arm-none-eabi/12.3.1/thumb/v7e-m+fp/hard/libgcc.a(_arm_addsubdf3.o)
 *(.gnu.attributes)

.note.gnu.arm.ident
 *(.note.gnu.arm.ident)

/DISCARD/
 *(.note.GNU-stack)
 *(.gnu_debuglink)
 *(.gnu.lto_*)

/DISCARD/
 *(.comment)
 *(.comment.*)
 *(.llvmbc)
 *(.llvmcmd)
OUTPUT(build/f7-firmware-C/.extapps/nfc_iso14443_4a_d.elf elf32-littlearm)
LOAD linker stubs
