Archive member included to satisfy reference by file (symbol)

/home/edgar/dev/f0/momentum-firmware/Momentum-Firmware/toolchain/x86_64-linux/bin/../lib/gcc/arm-none-eabi/12.3.1/thumb/v7e-m+fp/hard/libgcc.a(_arm_addsubdf3.o)
                              build/f7-firmware-C/.extapps/totp_cli_automation_plugin/cli/plugins/automation/automation.o (__aeabi_f2d)

Discarded input sections

 .text          0x00000000        0x0 build/f7-firmware-C/.extapps/totp_cli_automation_plugin/cli/cli_shared_methods.o
 .data          0x00000000        0x0 build/f7-firmware-C/.extapps/totp_cli_automation_plugin/cli/cli_shared_methods.o
 .bss           0x00000000        0x0 build/f7-firmware-C/.extapps/totp_cli_automation_plugin/cli/cli_shared_methods.o
 .text.totp_cli_force_close_app
                0x00000000       0x24 build/f7-firmware-C/.extapps/totp_cli_automation_plugin/cli/cli_shared_methods.o
 .rodata.totp_cli_read_line.str1.1
                0x00000000        0x6 build/f7-firmware-C/.extapps/totp_cli_automation_plugin/cli/cli_shared_methods.o
 .text.totp_cli_read_line
                0x00000000      0x104 build/f7-firmware-C/.extapps/totp_cli_automation_plugin/cli/cli_shared_methods.o
 .text.args_read_uint8_and_trim
                0x00000000       0x20 build/f7-firmware-C/.extapps/totp_cli_automation_plugin/cli/cli_shared_methods.o
 .text.furi_string_secure_free
                0x00000000       0x34 build/f7-firmware-C/.extapps/totp_cli_automation_plugin/cli/cli_shared_methods.o
 .rodata.totp_cli_printf_missed_argument_value.str1.1
                0x00000000       0x3a build/f7-firmware-C/.extapps/totp_cli_automation_plugin/cli/cli_shared_methods.o
 .text.totp_cli_printf_missed_argument_value
                0x00000000       0x18 build/f7-firmware-C/.extapps/totp_cli_automation_plugin/cli/cli_shared_methods.o
 .rodata.totp_cli_printf_unknown_argument.str1.1
                0x00000000       0x18 build/f7-firmware-C/.extapps/totp_cli_automation_plugin/cli/cli_shared_methods.o
 .text.totp_cli_printf_unknown_argument
                0x00000000       0x20 build/f7-firmware-C/.extapps/totp_cli_automation_plugin/cli/cli_shared_methods.o
 .comment       0x00000000       0x1c build/f7-firmware-C/.extapps/totp_cli_automation_plugin/cli/cli_shared_methods.o
 .debug_line.text.totp_cli_force_close_app
                0x00000000       0x24 build/f7-firmware-C/.extapps/totp_cli_automation_plugin/cli/cli_shared_methods.o
 .debug_line.text.totp_cli_read_line
                0x00000000       0xcb build/f7-firmware-C/.extapps/totp_cli_automation_plugin/cli/cli_shared_methods.o
 .debug_line.text.args_read_uint8_and_trim
                0x00000000       0x59 build/f7-firmware-C/.extapps/totp_cli_automation_plugin/cli/cli_shared_methods.o
 .debug_line.text.furi_string_secure_free
                0x00000000       0x59 build/f7-firmware-C/.extapps/totp_cli_automation_plugin/cli/cli_shared_methods.o
 .debug_line.text.totp_cli_printf_missed_argument_value
                0x00000000       0x1e build/f7-firmware-C/.extapps/totp_cli_automation_plugin/cli/cli_shared_methods.o
 .debug_line.text.totp_cli_printf_unknown_argument
                0x00000000       0x22 build/f7-firmware-C/.extapps/totp_cli_automation_plugin/cli/cli_shared_methods.o
 .text          0x00000000        0x0 build/f7-firmware-C/.extapps/totp_cli_automation_plugin/cli/plugins/automation/automation.o
 .data          0x00000000        0x0 build/f7-firmware-C/.extapps/totp_cli_automation_plugin/cli/plugins/automation/automation.o
 .bss           0x00000000        0x0 build/f7-firmware-C/.extapps/totp_cli_automation_plugin/cli/plugins/automation/automation.o
 .comment       0x00000000       0x1c build/f7-firmware-C/.extapps/totp_cli_automation_plugin/cli/plugins/automation/automation.o
 .data          0x00000000        0x0 /home/edgar/dev/f0/momentum-firmware/Momentum-Firmware/toolchain/x86_64-linux/bin/../lib/gcc/arm-none-eabi/12.3.1/thumb/v7e-m+fp/hard/libgcc.a(_arm_addsubdf3.o)
 .bss           0x00000000        0x0 /home/edgar/dev/f0/momentum-firmware/Momentum-Firmware/toolchain/x86_64-linux/bin/../lib/gcc/arm-none-eabi/12.3.1/thumb/v7e-m+fp/hard/libgcc.a(_arm_addsubdf3.o)

Memory Configuration

Name             Origin             Length             Attributes
*default*        0x00000000         0xffffffff

Linker script and memory map

LOAD build/f7-firmware-C/.extapps/totp_cli_automation_plugin/cli/cli_shared_methods.o
LOAD build/f7-firmware-C/.extapps/totp_cli_automation_plugin/cli/plugins/automation/automation.o
LOAD /home/edgar/dev/f0/momentum-firmware/Momentum-Firmware/toolchain/x86_64-linux/bin/../lib/gcc/arm-none-eabi/12.3.1/../../../../arm-none-eabi/lib/thumb/v7e-m+fp/hard/libm.a
LOAD /home/edgar/dev/f0/momentum-firmware/Momentum-Firmware/toolchain/x86_64-linux/bin/../lib/gcc/arm-none-eabi/12.3.1/thumb/v7e-m+fp/hard/libgcc.a
LOAD /home/edgar/dev/f0/momentum-firmware/Momentum-Firmware/toolchain/x86_64-linux/bin/../lib/gcc/arm-none-eabi/12.3.1/../../../../arm-none-eabi/lib/thumb/v7e-m+fp/hard/libstdc++_nano.a
LOAD /home/edgar/dev/f0/momentum-firmware/Momentum-Firmware/toolchain/x86_64-linux/bin/../lib/gcc/arm-none-eabi/12.3.1/../../../../arm-none-eabi/lib/thumb/v7e-m+fp/hard/libsupc++_nano.a

.text           0x00000000      0x700
 *(.text)
 .text          0x00000000      0x378 /home/edgar/dev/f0/momentum-firmware/Momentum-Firmware/toolchain/x86_64-linux/bin/../lib/gcc/arm-none-eabi/12.3.1/thumb/v7e-m+fp/hard/libgcc.a(_arm_addsubdf3.o)
                0x00000000                __aeabi_drsub
                0x00000008                __aeabi_dsub
                0x00000008                __subdf3
                0x0000000c                __adddf3
                0x0000000c                __aeabi_dadd
                0x00000284                __aeabi_ui2d
                0x00000284                __floatunsidf
                0x000002a4                __floatsidf
                0x000002a4                __aeabi_i2d
                0x000002c8                __extendsfdf2
                0x000002c8                __aeabi_f2d
                0x0000030c                __aeabi_ul2d
                0x0000030c                __floatundidf
                0x0000031c                __floatdidf
                0x0000031c                __aeabi_l2d
 *(.stub)
 *(.text*)
 .text.totp_cli_ensure_authenticated
                0x00000378       0x78 build/f7-firmware-C/.extapps/totp_cli_automation_plugin/cli/cli_shared_methods.o
                0x00000378                totp_cli_ensure_authenticated
 .text.print_method
                0x000003f0       0x44 build/f7-firmware-C/.extapps/totp_cli_automation_plugin/cli/plugins/automation/automation.o
 .text.handle   0x00000434      0x2c4 build/f7-firmware-C/.extapps/totp_cli_automation_plugin/cli/plugins/automation/automation.o
 .text.totp_cli_automation_plugin_ep
                0x000006f8        0x8 build/f7-firmware-C/.extapps/totp_cli_automation_plugin/cli/plugins/automation/automation.o
                0x000006f8                totp_cli_automation_plugin_ep
 *(.text.*)
 *(.text._*)
 *(.init)
 *(.fini)

.rodata         0x00000700      0x20c
 *(.rodata)
 *(.rodata1)
 *(.rodata.*)
 .rodata.totp_cli_ensure_authenticated.str1.1
                0x00000700       0x53 build/f7-firmware-C/.extapps/totp_cli_automation_plugin/cli/cli_shared_methods.o
 .rodata.print_method.str1.1
                0x00000753       0x38 build/f7-firmware-C/.extapps/totp_cli_automation_plugin/cli/plugins/automation/automation.o
 .rodata.handle.str1.1
                0x0000078b      0x146 build/f7-firmware-C/.extapps/totp_cli_automation_plugin/cli/plugins/automation/automation.o
 .rodata.str1.1
                0x000008d1       0x25 build/f7-firmware-C/.extapps/totp_cli_automation_plugin/cli/plugins/automation/automation.o
 *fill*         0x000008f6        0x2 
 .rodata.plugin_descriptor
                0x000008f8        0xc build/f7-firmware-C/.extapps/totp_cli_automation_plugin/cli/plugins/automation/automation.o
 .rodata.plugin
                0x00000904        0x8 build/f7-firmware-C/.extapps/totp_cli_automation_plugin/cli/plugins/automation/automation.o

.data
 *(.data)
 *(.data1)
 *(.data.*)

.bss
 *(.bss)
 *(.bss*)
 *(.sbss)
 *(.sbss*)
 *(COMMON)

.stab
 *(.stab)

.stabstr
 *(.stabstr)

.stab.excl
 *(.stab.excl)

.stab.exclstr
 *(.stab.exclstr)

.stab.index
 *(.stab.index)

.stab.indexstr
 *(.stab.indexstr)

.gnu.build.attributes
 *(.gnu.build.attributes .gnu.build.attributes.*)

.debug
 *(.debug)

.line
 *(.line)

.debug_srcinfo
 *(.debug_srcinfo)

.debug_sfnames
 *(.debug_sfnames)

.debug_aranges  0x00000000       0x80
 *(.debug_aranges)
 .debug_aranges
                0x00000000       0x50 build/f7-firmware-C/.extapps/totp_cli_automation_plugin/cli/cli_shared_methods.o
 .debug_aranges
                0x00000050       0x30 build/f7-firmware-C/.extapps/totp_cli_automation_plugin/cli/plugins/automation/automation.o

.debug_pubnames
 *(.debug_pubnames)

.debug_info     0x00000000     0x209e
 *(.debug_info .gnu.linkonce.wi.*)
 .debug_info    0x00000000     0x1219 build/f7-firmware-C/.extapps/totp_cli_automation_plugin/cli/cli_shared_methods.o
 .debug_info    0x00001219      0xe85 build/f7-firmware-C/.extapps/totp_cli_automation_plugin/cli/plugins/automation/automation.o

.debug_abbrev   0x00000000      0x5f1
 *(.debug_abbrev)
 .debug_abbrev  0x00000000      0x35c build/f7-firmware-C/.extapps/totp_cli_automation_plugin/cli/cli_shared_methods.o
 .debug_abbrev  0x0000035c      0x295 build/f7-firmware-C/.extapps/totp_cli_automation_plugin/cli/plugins/automation/automation.o

.debug_line     0x00000000      0xf7b
 *(.debug_line .debug_line.* .debug_line_end)
 .debug_line    0x00000000      0x5ab build/f7-firmware-C/.extapps/totp_cli_automation_plugin/cli/cli_shared_methods.o
 .debug_line.text.totp_cli_ensure_authenticated
                0x000005ab       0x66 build/f7-firmware-C/.extapps/totp_cli_automation_plugin/cli/cli_shared_methods.o
 .debug_line_end
                0x00000611        0x0 build/f7-firmware-C/.extapps/totp_cli_automation_plugin/cli/cli_shared_methods.o
 .debug_line    0x00000611      0x6fc build/f7-firmware-C/.extapps/totp_cli_automation_plugin/cli/plugins/automation/automation.o
 .debug_line.text.print_method
                0x00000d0d       0x65 build/f7-firmware-C/.extapps/totp_cli_automation_plugin/cli/plugins/automation/automation.o
 .debug_line.text.handle
                0x00000d72      0x1f0 build/f7-firmware-C/.extapps/totp_cli_automation_plugin/cli/plugins/automation/automation.o
 .debug_line.text.totp_cli_automation_plugin_ep
                0x00000f62       0x19 build/f7-firmware-C/.extapps/totp_cli_automation_plugin/cli/plugins/automation/automation.o
 .debug_line_end
                0x00000f7b        0x0 build/f7-firmware-C/.extapps/totp_cli_automation_plugin/cli/plugins/automation/automation.o

.debug_frame    0x00000000      0x158
 *(.debug_frame)
 .debug_frame   0x00000000       0xe0 build/f7-firmware-C/.extapps/totp_cli_automation_plugin/cli/cli_shared_methods.o
 .debug_frame   0x000000e0       0x78 build/f7-firmware-C/.extapps/totp_cli_automation_plugin/cli/plugins/automation/automation.o

.debug_str      0x00000000     0x1687
 *(.debug_str)
 .debug_str     0x00000000      0xdaf build/f7-firmware-C/.extapps/totp_cli_automation_plugin/cli/cli_shared_methods.o
 .debug_str     0x00000daf      0x8d8 build/f7-firmware-C/.extapps/totp_cli_automation_plugin/cli/plugins/automation/automation.o

.debug_loc
 *(.debug_loc)

.debug_macinfo
 *(.debug_macinfo)

.debug_weaknames
 *(.debug_weaknames)

.debug_funcnames
 *(.debug_funcnames)

.debug_typenames
 *(.debug_typenames)

.debug_varnames
 *(.debug_varnames)

.debug_pubtypes
 *(.debug_pubtypes)

.debug_ranges
 *(.debug_ranges)

.debug_addr
 *(.debug_addr)

.debug_line_str
                0x00000000       0xa8
 *(.debug_line_str)
 .debug_line_str
                0x00000000       0xa8 /home/edgar/dev/f0/momentum-firmware/Momentum-Firmware/toolchain/x86_64-linux/bin/../lib/gcc/arm-none-eabi/12.3.1/thumb/v7e-m+fp/hard/libgcc.a(_arm_addsubdf3.o)

.debug_loclists
                0x00000000      0x477
 *(.debug_loclists)
 .debug_loclists
                0x00000000      0x192 build/f7-firmware-C/.extapps/totp_cli_automation_plugin/cli/cli_shared_methods.o
 .debug_loclists
                0x00000192      0x2e5 build/f7-firmware-C/.extapps/totp_cli_automation_plugin/cli/plugins/automation/automation.o

.debug_macro
 *(.debug_macro)

.debug_names
 *(.debug_names)

.debug_rnglists
                0x00000000       0x94
 *(.debug_rnglists)
 .debug_rnglists
                0x00000000       0x4a build/f7-firmware-C/.extapps/totp_cli_automation_plugin/cli/cli_shared_methods.o
 .debug_rnglists
                0x0000004a       0x4a build/f7-firmware-C/.extapps/totp_cli_automation_plugin/cli/plugins/automation/automation.o

.debug_str_offsets
 *(.debug_str_offsets)

.debug_sup
 *(.debug_sup)

.ARM.attributes
                0x00000000       0x34
 *(.ARM.attributes)
 .ARM.attributes
                0x00000000       0x34 build/f7-firmware-C/.extapps/totp_cli_automation_plugin/cli/cli_shared_methods.o
 .ARM.attributes
                0x00000034       0x34 build/f7-firmware-C/.extapps/totp_cli_automation_plugin/cli/plugins/automation/automation.o
 .ARM.attributes
                0x00000068       0x22 /home/edgar/dev/f0/momentum-firmware/Momentum-Firmware/toolchain/x86_64-linux/bin/../lib/gcc/arm-none-eabi/12.3.1/thumb/v7e-m+fp/hard/libgcc.a(_arm_addsubdf3.o)
 *(.gnu.attributes)

.note.gnu.arm.ident
 *(.note.gnu.arm.ident)

/DISCARD/
 *(.note.GNU-stack)
 *(.gnu_debuglink)
 *(.gnu.lto_*)

/DISCARD/
 *(.comment)
 *(.comment.*)
 *(.llvmbc)
 *(.llvmcmd)
OUTPUT(build/f7-firmware-C/.extapps/totp_cli_automation_plugin_d.elf elf32-littlearm)
LOAD linker stubs
